
R version 4.0.3 (2020-10-10) -- "Bunny-Wunnies Freak Out"
Copyright (C) 2020 The R Foundation for Statistical Computing
Platform: x86_64-pc-linux-gnu (64-bit)

R is free software and comes with ABSOLUTELY NO WARRANTY.
You are welcome to redistribute it under certain conditions.
Type 'license()' or 'licence()' for distribution details.

  Natural language support but running in an English locale

R is a collaborative project with many contributors.
Type 'contributors()' for more information and
'citation()' on how to cite R or R packages in publications.

Type 'demo()' for some demos, 'help()' for on-line help, or
'help.start()' for an HTML browser interface to help.
Type 'q()' to quit R.

pid 12807's current affinity mask: 1
pid 12807's new affinity mask: ff
> library(plyr)         # cross-tabulation
> library(e1071)        # more machine learning functions
> library(partykit)     # for conditional inference tree function
Loading required package: grid
Loading required package: libcoin
Loading required package: mvtnorm
> library(tidyverse)    # data manipulation and plots
── Attaching packages ─────────────────────────────────────── tidyverse 1.3.0 ──
✔ ggplot2 3.3.2     ✔ purrr   0.3.4
✔ tibble  3.0.3     ✔ dplyr   1.0.2
✔ tidyr   1.1.2     ✔ stringr 1.4.0
✔ readr   1.3.1     ✔ forcats 0.5.0
── Conflicts ────────────────────────────────────────── tidyverse_conflicts() ──
✖ dplyr::arrange()   masks plyr::arrange()
✖ purrr::compact()   masks plyr::compact()
✖ dplyr::count()     masks plyr::count()
✖ dplyr::failwith()  masks plyr::failwith()
✖ dplyr::filter()    masks stats::filter()
✖ dplyr::id()        masks plyr::id()
✖ dplyr::lag()       masks stats::lag()
✖ dplyr::mutate()    masks plyr::mutate()
✖ dplyr::rename()    masks plyr::rename()
✖ dplyr::summarise() masks plyr::summarise()
✖ dplyr::summarize() masks plyr::summarize()
> library(Hmisc)        # to format data frame as LaTeX table
Loading required package: lattice
Loading required package: survival
Loading required package: Formula

Attaching package: ‘Hmisc’

The following objects are masked from ‘package:dplyr’:

    src, summarize

The following object is masked from ‘package:e1071’:

    impute

The following objects are masked from ‘package:plyr’:

    is.discrete, summarize

The following objects are masked from ‘package:base’:

    format.pval, units

> library(data.table)   # data table

Attaching package: ‘data.table’

The following objects are masked from ‘package:dplyr’:

    between, first, last

The following object is masked from ‘package:purrr’:

    transpose

> library(magrittr)     # piping

Attaching package: ‘magrittr’

The following object is masked from ‘package:purrr’:

    set_names

The following object is masked from ‘package:tidyr’:

    extract

> library(modelsummary) # awesome summary stats and regression output

Attaching package: ‘modelsummary’

The following object is masked from ‘package:Hmisc’:

    Mean

> library(broom)        # handling regression output
> library(car)          # joint hypothesis testing
Loading required package: carData

Attaching package: ‘car’

The following object is masked from ‘package:dplyr’:

    recode

The following object is masked from ‘package:purrr’:

    some

> library(fixest)       # fast fixed effects
> library(estimatr)     # robust standard errors
> library(patchwork)    # combine multiple ggplots together
> library(future)       # for parallelization

Attaching package: ‘future’

The following object is masked from ‘package:survival’:

    cluster

> library(furrr)        # for parallelization
> library(ggrepel)      # for better-looking ggplot
> library(purrr)        # for mapping
> library(abind)        # for N-D arrays
> 
> # load in data
> load("../Data/acs19.rda")
> 
> # seed reproducibility
> RNGkind(sample.kind = "Rounding")
Warning message:
In RNGkind(sample.kind = "Rounding") : non-uniform 'Rounding' sampler used
> 
> #--------------------------------------------
> # Overall summary table of estimation sample
> #--------------------------------------------
> df %<>% mutate(spbornHere     = as.numeric(spbornHere),
+                liveWithFamily = as.numeric(liveWithFamily),
+                spwork         = as.numeric(spwork),
+                childlt5       = as.numeric(childlt5),
+                childlt18      = as.numeric(childlt18),
+                married        = as.numeric(married),
+                birthmig       = as.numeric(birthmig),
+                relocc         = as.numeric(relocc)
+               )
> 
> Count <- function(x) sum(!is.na(x))
> datasummary(incwage + loginc + birthmig + relocc + meanStay + residMeanStay + meanRelOcc + meanAggRelOcc + residMeanRelOcc + spbornHere + liveWithFamily + spwork + childlt5 + childlt18 + married ~ Count + Mean + SD + Median + Min + Max, 
+              data = df %>% select(incwage,loginc,birthmig,relocc,meanStay,residMeanStay,meanRelOcc,meanAggRelOcc,residMeanRelOcc,spbornHere,liveWithFamily,spwork,childlt5,childlt18,married),
+              output = "markdown") %>% print


|                |      Count|      Mean|       SD|   Median|      Min|       Max|
|:---------------|----------:|---------:|--------:|--------:|--------:|---------:|
|incwage         | 1023525.00| 101072.18| 88239.37| 75000.00| 20000.00| 595000.00|
|loginc          | 1023525.00|     11.18|     0.66|    11.14|     9.73|     13.25|
|birthmig        | 1023525.00|      0.48|     0.50|     0.00|     0.00|      1.00|
|relocc          | 1023525.00|      0.60|     0.49|     1.00|     0.00|      1.00|
|meanStay        | 1023525.00|      0.52|     0.16|     0.53|     0.00|      1.00|
|residMeanStay   | 1023525.00|      0.00|     0.14|     0.01|    -0.95|      0.94|
|meanRelOcc      | 1023525.00|      0.60|     0.14|     0.62|     0.00|      1.00|
|meanAggRelOcc   | 1023525.00|      0.60|     0.08|     0.62|     0.00|      1.00|
|residMeanRelOcc | 1023525.00|      0.00|     0.11|     0.00|    -0.94|      0.85|
|spbornHere      | 1023525.00|      0.32|     0.47|     0.00|     0.00|      1.00|
|liveWithFamily  | 1023525.00|      0.77|     0.42|     1.00|     0.00|      1.00|
|spwork          | 1023525.00|      0.58|     0.49|     1.00|     0.00|      1.00|
|childlt5        | 1023525.00|      0.21|     0.41|     0.00|     0.00|      1.00|
|childlt18       | 1023525.00|      0.55|     0.50|     1.00|     0.00|      1.00|
|married         | 1023525.00|      0.70|     0.46|     1.00|     0.00|      1.00|
> datasummary(incwage + loginc + birthmig + relocc  ~ educvar * (Count + Mean + SD), 
+              data = df %>% select(incwage,loginc,birthmig,relocc,educvar),
+              output = "markdown") %>% print


|         | Education Count| Education Mean| Education SD| Social Science Count| Social Science Mean| Social Science SD| Other Count| Other Mean| Other SD| Business Count| Business Mean| Business SD| STEM Count| STEM Mean|  STEM SD|
|:--------|---------------:|--------------:|------------:|--------------------:|-------------------:|-----------------:|-----------:|----------:|--------:|--------------:|-------------:|-----------:|----------:|---------:|--------:|
|incwage  |        54171.00|       65062.83|     41731.52|            117593.00|            93759.64|          87291.16|   215872.00|   84632.63| 75650.38|      279971.00|     112858.46|    99325.42|  355918.00| 109668.52| 88401.73|
|loginc   |        54171.00|          10.87|         0.46|            117593.00|               11.09|              0.68|   215872.00|      11.01|     0.64|      279971.00|         11.28|        0.69|  355918.00|     11.29|     0.64|
|birthmig |        54171.00|           0.36|         0.48|            117593.00|                0.51|              0.50|   215872.00|       0.50|     0.50|      279971.00|          0.45|        0.50|  355918.00|      0.51|     0.50|
|relocc   |        54171.00|           0.68|         0.47|            117593.00|                0.50|              0.50|   215872.00|       0.54|     0.50|      279971.00|          0.63|        0.48|  355918.00|      0.64|     0.48|
> 
> df %<>% mutate(spbornHere     = as.factor(as.logical(spbornHere)),
+                liveWithFamily = as.factor(as.logical(liveWithFamily)),
+                spwork         = as.factor(as.logical(spwork)),
+                married        = as.factor(as.logical(married)),
+                childlt5       = as.factor(as.logical(childlt5)),
+                childlt18      = as.factor(as.logical(childlt18))
+               )
> #table(df$spbornHere) %>% print
> #table(df$liveWithFamily) %>% print
> #table(df$spwork) %>% print
> #table(df$childlt5) %>% print
> #table(df$childlt18) %>% print
> 
> #--------------------------------------------
> # basic outcome regressions / LPMs
> #--------------------------------------------
> source('basic_regressions.R')


|                   |   Model 1   |   Model 2   |   Model 3   |   Model 4   |   Model 5   |
|:------------------|:-----------:|:-----------:|:-----------:|:-----------:|:-----------:|
|(Intercept)        |  0.515***   |  0.538***   |  0.959***   |  0.483***   |  0.534***   |
|                   |   (0.001)   |   (0.001)   |   (0.002)   |   (0.000)   |   (0.001)   |
|liveWithFamilyTRUE |  -0.061***  |   -0.002    |             |             |    0.000    |
|                   |   (0.001)   |   (0.001)   |             |             |   (0.001)   |
|spworkTRUE         |   -0.002*   |  0.090***   |             |             |  0.082***   |
|                   |   (0.001)   |   (0.001)   |             |             |   (0.001)   |
|childlt5TRUE       |  -0.022***  |  -0.011***  |             |             |  -0.013***  |
|                   |   (0.001)   |   (0.001)   |             |             |   (0.001)   |
|childlt18TRUE      |  0.036***   |  0.079***   |             |             |  0.077***   |
|                   |   (0.001)   |   (0.001)   |             |             |   (0.001)   |
|spbornHereTRUE     |             |  -0.465***  |             |             |  -0.437***  |
|                   |             |   (0.001)   |             |             |   (0.001)   |
|meanStay           |             |             |  -0.923***  |             |             |
|                   |             |             |   (0.003)   |             |             |
|residMeanStay      |             |             |             |  -0.893***  |  -0.739***  |
|                   |             |             |             |   (0.003)   |   (0.003)   |
|Num.Obs.           |   1023525   |   1023525   |   1023525   |   1023525   |   1023525   |
|R2                 |    0.002    |    0.168    |    0.093    |    0.066    |    0.213    |
|R2 Adj.            |    0.002    |    0.168    |    0.093    |    0.066    |    0.213    |
|AIC                |  1482298.4  |  1295622.1  |  1384922.8  |  1414674.1  |  1239200.6  |
|BIC                |  1482369.4  |  1295705.0  |  1384958.3  |  1414709.6  |  1239295.3  |
|Log.Lik.           | -741143.186 | -647804.064 | -692458.416 | -707334.046 | -619592.293 |
|F                  |   541.120   |  41476.487  | 104531.736  |  72214.037  |  46190.476  |

__Note:__
^^ * p < 0.1, ** p < 0.05, *** p < 0.01
Linear hypothesis test

Hypothesis:
residMeanStay = 0

Model 1: restricted model
Model 2: birthmig ~ residMeanStay + spbornHere + liveWithFamily + spwork + 
    childlt5 + childlt18

   Res.Df    RSS Df Sum of Sq     F    Pr(>F)    
1 1023519 212504                                 
2 1023518 201106  1     11398 58007 < 2.2e-16 ***
---
Signif. codes:  0 ‘***’ 0.001 ‘**’ 0.01 ‘*’ 0.05 ‘.’ 0.1 ‘ ’ 1
Linear hypothesis test

Hypothesis:
spbornHereTRUE = 0
liveWithFamilyTRUE = 0
spworkTRUE = 0
childlt5TRUE = 0
childlt18TRUE = 0

Model 1: restricted model
Model 2: birthmig ~ residMeanStay + spbornHere + liveWithFamily + spwork + 
    childlt5 + childlt18

   Res.Df    RSS Df Sum of Sq     F    Pr(>F)    
1 1023523 238718                                 
2 1023518 201106  5     37612 38285 < 2.2e-16 ***
---
Signif. codes:  0 ‘***’ 0.001 ‘**’ 0.01 ‘*’ 0.05 ‘.’ 0.1 ‘ ’ 1


|                   |   Model 1   |   Model 2   |   Model 3   |   Model 4   |   Model 5   |   Model 6   |
|:------------------|:-----------:|:-----------:|:-----------:|:-----------:|:-----------:|:-----------:|
|(Intercept)        |  0.568***   |  0.568***   |  0.083***   |  0.016***   |  0.602***   |  0.568***   |
|                   |   (0.001)   |   (0.001)   |   (0.002)   |   (0.003)   |   (0.000)   |   (0.001)   |
|liveWithFamilyTRUE |  0.009***   |  0.008***   |             |             |             |  0.009***   |
|                   |   (0.001)   |   (0.001)   |             |             |             |   (0.001)   |
|spworkTRUE         |  0.005***   |  0.004***   |             |             |             |  0.003***   |
|                   |   (0.001)   |   (0.001)   |             |             |             |   (0.001)   |
|childlt5TRUE       |  -0.003**   |  -0.003**   |             |             |             |  -0.003***  |
|                   |   (0.001)   |   (0.001)   |             |             |             |   (0.001)   |
|childlt18TRUE      |  0.044***   |  0.043***   |             |             |             |  0.042***   |
|                   |   (0.001)   |   (0.001)   |             |             |             |   (0.001)   |
|spbornHereTRUE     |             |  0.008***   |             |             |             |  0.007***   |
|                   |             |   (0.001)   |             |             |             |   (0.001)   |
|meanRelOcc         |             |             |  0.864***   |             |             |             |
|                   |             |             |   (0.003)   |             |             |             |
|meanAggRelOcc      |             |             |             |  0.976***   |             |             |
|                   |             |             |             |   (0.006)   |             |             |
|residMeanRelOcc    |             |             |             |             |  0.788***   |  0.787***   |
|                   |             |             |             |             |   (0.004)   |   (0.004)   |
|Num.Obs.           |   1023525   |   1023525   |   1023525   |   1023525   |   1023525   |   1023525   |
|R2                 |    0.003    |    0.003    |    0.059    |    0.028    |    0.031    |    0.033    |
|R2 Adj.            |    0.003    |    0.003    |    0.059    |    0.028    |    0.031    |    0.033    |
|AIC                |  1439824.6  |  1439778.2  |  1380531.0  |  1413299.5  |  1410300.6  |  1407709.1  |
|BIC                |  1439895.6  |  1439861.0  |  1380566.5  |  1413335.0  |  1410336.1  |  1407803.9  |
|Log.Lik.           | -719906.305 | -719882.080 | -690262.515 | -706646.764 | -705147.297 | -703846.575 |
|F                  |   644.185   |   525.062   |  63768.629  |  29509.948  |  32599.866  |  5881.234   |

__Note:__
^^ * p < 0.1, ** p < 0.05, *** p < 0.01
Linear hypothesis test

Hypothesis:
residMeanRelOcc = 0

Model 1: restricted model
Model 2: as.numeric(relocc) ~ residMeanRelOcc + spbornHere + liveWithFamily + 
    spwork + childlt5 + childlt18

   Res.Df    RSS Df Sum of Sq     F    Pr(>F)    
1 1023519 244644                                 
2 1023518 237097  1    7546.8 32579 < 2.2e-16 ***
---
Signif. codes:  0 ‘***’ 0.001 ‘**’ 0.01 ‘*’ 0.05 ‘.’ 0.1 ‘ ’ 1
Linear hypothesis test

Hypothesis:
spbornHereTRUE = 0
liveWithFamilyTRUE = 0
spworkTRUE = 0
childlt5TRUE = 0
childlt18TRUE = 0

Model 1: restricted model
Model 2: as.numeric(relocc) ~ residMeanRelOcc + spbornHere + liveWithFamily + 
    spwork + childlt5 + childlt18

   Res.Df    RSS Df Sum of Sq      F    Pr(>F)    
1 1023523 237700                                  
2 1023518 237097  5    603.38 520.95 < 2.2e-16 ***
---
Signif. codes:  0 ‘***’ 0.001 ‘**’ 0.01 ‘*’ 0.05 ‘.’ 0.1 ‘ ’ 1
> 
> 
> #--------------------------------------------
> # Table 1
> #--------------------------------------------
> source('table1.R')


|                      |       loginc        |      birthmig       |        dist         |       relocc        |      advdegree      |
|:---------------------|:-------------------:|:-------------------:|:-------------------:|:-------------------:|:-------------------:|
|educvarSocial Science |      0.192***       |      0.118***       |      85.512***      |      -0.167***      |      -0.066***      |
|                      |       (0.019)       |       (0.014)       |      (13.951)       |       (0.007)       |       (0.006)       |
|educvarOther          |      0.165***       |      0.126***       |      79.711***      |      -0.115***      |      -0.220***      |
|                      |       (0.010)       |       (0.013)       |      (14.279)       |       (0.009)       |       (0.007)       |
|educvarBusiness       |      0.411***       |      0.080***       |      30.392***      |       -0.027*       |      -0.243***      |
|                      |       (0.016)       |       (0.008)       |       (9.987)       |       (0.015)       |       (0.009)       |
|educvarSTEM           |      0.425***       |      0.134***       |      55.494***      |      -0.030**       |      -0.132***      |
|                      |       (0.009)       |       (0.008)       |      (10.927)       |       (0.012)       |       (0.008)       |
|advdegreeTRUE         |      0.274***       |      0.102***       |      40.092***      |      0.097***       |                     |
|                      |       (0.004)       |       (0.005)       |       (4.160)       |       (0.006)       |                     |
|exper                 |      0.059***       |        0.001        |       -0.893        |      -0.006***      |      -0.021***      |
|                      |       (0.003)       |       (0.002)       |       (2.776)       |       (0.001)       |       (0.001)       |
|I(I(exper^2))         |      -0.001***      |        0.000        |        0.109        |      0.000***       |      0.002***       |
|                      |       (0.000)       |       (0.000)       |       (0.188)       |       (0.000)       |       (0.000)       |
|I(I(exper^3))         |      0.000***       |        0.000        |       -0.002        |      0.000***       |      0.000***       |
|                      |       (0.000)       |       (0.000)       |       (0.004)       |       (0.000)       |       (0.000)       |
|racerBlack            |      -0.237***      |       -0.017        |     -50.505***      |      -0.107***      |      -0.023***      |
|                      |       (0.013)       |       (0.011)       |      (16.224)       |       (0.006)       |       (0.005)       |
|racerHispanic         |      -0.122***      |      -0.110***      |      96.003***      |      -0.033***      |      -0.048***      |
|                      |       (0.013)       |       (0.033)       |      (36.042)       |       (0.004)       |       (0.005)       |
|racerOther            |      -0.060***      |       -0.024        |     191.536***      |       -0.007        |       0.017**       |
|                      |       (0.009)       |       (0.030)       |      (23.351)       |       (0.004)       |       (0.008)       |
|marriedTRUE           |      0.222***       |        0.007        |     -29.139***      |      0.055***       |      0.112***       |
|                      |       (0.004)       |       (0.004)       |       (7.760)       |       (0.001)       |       (0.003)       |
|Num.Obs.              |       1023525       |       1023525       |       493652        |       1023525       |       1023525       |
|R2                    |        0.298        |        0.109        |        0.352        |        0.030        |        0.062        |
|R2 Adj.               |        0.298        |        0.109        |        0.352        |        0.029        |        0.062        |
|R2 Pseudo             |                     |                     |                     |                     |                     |
|R2 Within             |        0.266        |        0.022        |        0.009        |        0.027        |        0.055        |
|AIC                   |      1712379.7      |      1361478.1      |      7714259.7      |      1413726.4      |      1307038.9      |
|BIC                   |      1715966.9      |      1365065.3      |      7717625.9      |      1417313.5      |      1310614.2      |
|Log.Lik.              |     -855886.857     |     -680436.059     |    -3856826.859     |     -706560.195     |     -653217.428     |
|FE: met2013           |          X          |          X          |          X          |          X          |          X          |
|Std. errors           | Clustered (met2013) | Clustered (met2013) | Clustered (met2013) | Clustered (met2013) | Clustered (met2013) |

__Note:__
^^ * p < 0.1, ** p < 0.05, *** p < 0.01
> source('table1unwgt.R')


|                      |       loginc        |      birthmig       |        dist         |       relocc        |      advdegree      |
|:---------------------|:-------------------:|:-------------------:|:-------------------:|:-------------------:|:-------------------:|
|educvarSocial Science |      0.190***       |      0.120***       |      91.797***      |      -0.172***      |      -0.065***      |
|                      |       (0.023)       |       (0.017)       |      (14.177)       |       (0.010)       |       (0.006)       |
|educvarOther          |      0.163***       |      0.129***       |      86.019***      |      -0.120***      |      -0.220***      |
|                      |       (0.013)       |       (0.014)       |      (14.296)       |       (0.014)       |       (0.007)       |
|educvarBusiness       |      0.415***       |      0.077***       |      36.490***      |       -0.032        |      -0.249***      |
|                      |       (0.019)       |       (0.009)       |       (9.963)       |       (0.021)       |       (0.009)       |
|educvarSTEM           |      0.426***       |      0.132***       |      60.199***      |       -0.034*       |      -0.134***      |
|                      |       (0.013)       |       (0.008)       |      (10.479)       |       (0.017)       |       (0.010)       |
|advdegreeTRUE         |      0.273***       |      0.102***       |      41.369***      |      0.097***       |                     |
|                      |       (0.004)       |       (0.006)       |       (3.927)       |       (0.007)       |                     |
|exper                 |      0.061***       |        0.001        |       -1.257        |      -0.006***      |      -0.023***      |
|                      |       (0.003)       |       (0.002)       |       (2.255)       |       (0.001)       |       (0.001)       |
|I(I(exper^2))         |      -0.001***      |       0.000*        |        0.132        |      0.000***       |      0.003***       |
|                      |       (0.000)       |       (0.000)       |       (0.158)       |       (0.000)       |       (0.000)       |
|I(I(exper^3))         |      0.000***       |       0.000*        |       -0.003        |      0.000***       |      0.000***       |
|                      |       (0.000)       |       (0.000)       |       (0.003)       |       (0.000)       |       (0.000)       |
|racerBlack            |      -0.248***      |      -0.023**       |     -50.698***      |      -0.103***      |      -0.021***      |
|                      |       (0.012)       |       (0.010)       |      (18.058)       |       (0.006)       |       (0.005)       |
|racerHispanic         |      -0.123***      |      -0.121***      |      91.923**       |      -0.031***      |      -0.045***      |
|                      |       (0.014)       |       (0.036)       |      (36.933)       |       (0.003)       |       (0.006)       |
|racerOther            |      -0.061***      |       -0.028        |     192.157***      |       -0.006        |        0.012        |
|                      |       (0.010)       |       (0.031)       |      (24.520)       |       (0.004)       |       (0.008)       |
|marriedTRUE           |      0.222***       |        0.005        |     -27.769***      |      0.053***       |      0.110***       |
|                      |       (0.005)       |       (0.004)       |       (7.406)       |       (0.001)       |       (0.004)       |
|Num.Obs.              |       1023525       |       1023525       |       493652        |       1023525       |       1023525       |
|R2                    |        0.295        |        0.114        |        0.350        |        0.028        |        0.063        |
|R2 Adj.               |        0.295        |        0.114        |        0.350        |        0.028        |        0.063        |
|R2 Pseudo             |                     |                     |                     |                     |                     |
|R2 Within             |        0.257        |        0.023        |        0.008        |        0.026        |        0.056        |
|AIC                   |      1711656.6      |      1360696.0      |      7714028.2      |      1413519.1      |      1306312.2      |
|BIC                   |      1715243.8      |      1364283.1      |      7717394.4      |      1417106.3      |      1309887.5      |
|Log.Lik.              |     -855525.317     |     -680045.002     |    -3856711.081     |     -706456.553     |     -652854.099     |
|FE: met2013           |          X          |          X          |          X          |          X          |          X          |
|Std. errors           | Clustered (met2013) | Clustered (met2013) | Clustered (met2013) | Clustered (met2013) | Clustered (met2013) |

__Note:__
^^ * p < 0.1, ** p < 0.05, *** p < 0.01
> print('Finished with Table 1')
[1] "Finished with Table 1"
> 
> 
> #--------------------------------------------
> # bar graphs of transition matrics
> #--------------------------------------------
> source('fig_transmat.R')
`summarise()` regrouping output by 'advdegree', 'educvar', 'birthState' (override with `.groups` argument)
There were 50 or more warnings (use warnings() to see the first 50)
> print('Finished with Transition Matrices')
[1] "Finished with Transition Matrices"
> 
> 
> #--------------------------------------------
> # bar graphs & tables of occupation distribution
> #--------------------------------------------
> source('occDistFigsTables.R')
`summarise()` regrouping output by 'major', 'advdegree' (override with `.groups` argument)
There were 50 or more warnings (use warnings() to see the first 50)
> print('Finished with Occupation Distribution Figures & Tables')
[1] "Finished with Occupation Distribution Figures & Tables"
> 
> 
> #--------------------------------------------
> # Example conditional inference tree
> #--------------------------------------------
> source('tree_example.R')
Parsed with column specification:
cols(
  education = col_double(),
  age = col_double(),
  experience = col_double(),
  location = col_character()
)
> print('Finished with Example Tree Figure')
[1] "Finished with Example Tree Figure"
> 
> 
> #--------------------------------------------
> # Table 2 (and appendix table w/accuracies)
> #--------------------------------------------
> source('table2.R')
[1] 818457    277
[1] 205068    277
[1] 1023525     277
[1] "California Related" "Else"              
[1] 50647
[1] "Number of clusters for DV 1: 329"
         x  freq
1   100009  1078
2   100011  6050
3   100012   682
4   100018  9932
5   100019  3979
6   100020 19842
7   100021   613
8   100022 16972
9   100024  4902
10  100025 13589
11  100027  2065
12  100028  4623
13  100033  2208
14  100034 26851
15  100036 24623
16  100038  9531
17  100039 13259
18  100042   645
19  100043 18232
20  100046  2993
21  100047  1012
22  100048  6064
23  100050  9355
24  100051   634
25  100059  2427
26  100060 20954
27  100062   669
28  100063  1340
29  100065  5476
30  100067 14346
31  100069  8884
32  100070 24054
33  100074  6536
34  100075 13074
35  100076  9654
36  100078  7611
37  100081 14578
38  100082  1595
39  100084   767
40  100085 47374
41  100090 10798
42  100091 12004
43  100093  2265
44  100095   765
45  100096  7980
46  100098  6828
47  100099 15517
48  100103 23415
49  100106  4162
50  100107  9151
51  100110 20512
52  100111 11443
53  100113  3897
54  100114  8062
55  100115   908
56  100117 16435
57  100119 16692
58  100121  7670
59  100123 12161
60  100124 21669
61  100128  2795
62  100129  3898
63  100130 12892
64  100136  3777
65  100138  2333
66  100139  4445
67  100140 12977
68  100142 24673
69  100145 10876
70  100146   649
71  100148 33034
72  100150  6063
73  100151  5818
74  100154  1622
75  100155 17059
76  100157 10193
77  100161 11438
78  100163 15019
79  100164  7343
80  100165 11680
81  100166   703
82  100167 16026
83  100172  2654
84  100174  6798
85  100177  1821
86  100178 12918
87  100179   779
88  100181  3144
89  100183  4492
90  100184  7110
91  100185   900
92  100187  6619
93  100189  3880
94  100190  6987
95  100195  1543
96  100196   956
97  100199  2158
98  100200  4471
99  100202  1044
100 100203  2755
101 100207  1432
102 100208  1204
103 100209  2073
104 100211  1428
105 100212  1623
106 100216  1367
107 100217  3566
108 100219  2001
109 100220  1417
110 100222  1526
111 100223  1102
112 100226   638
113 100230  1017
114 100231   644
115 100232  7605
116 100233   979
117 100235  1037
118 100240  1635
119 100241   730
120 100243  1038
121 100245  6979
122 100246  4353
123 100247   949
124 100249  1756
125 100250  2594
126 100259  1679
127 100260  3271
128 100261  1381
129 100262  1066
130 100263   791
131 100267  3472
132 100268  3091
133 100269  2455
134 100270  1382
135 100272  1476
136 100275  1628
137 100277  3904
138 100278 11519
139 100280  7331
140 100281   758
141 100285  2817
142 100287  1125
143 100288  1141
144 100290   642
145 100293  1939
146 100295  1837
147 100296   683
148 100298  1053
149 100299   875
150 100303  1020
151 100304  1799
152 100305   903
153 100307  1665
154 100308  1318
155 100312  2073
156 100313   903
157 100314  1810
158 100318  5184
159 100319  7040
160 100321  3643
161 100322   697
162 100325  1779
163 100326  4667
164 100328  2394
165 100329   872
[1] "Else"          "Texas Related"
[1] 37457
[1] "Number of clusters for DV 2: 177"
        x   freq
1  200007    733
2  200009   1507
3  200010   2010
4  200015    853
5  200016   4220
6  200018   5088
7  200019   1659
8  200020   4540
9  200022   5734
10 200023   2761
11 200024   1043
12 200029   3254
13 200032   9140
14 200033    647
15 200034  13394
16 200035   3264
17 200039  34790
18 200040   3033
19 200043  24047
20 200046  10779
21 200047   1100
22 200048  11669
23 200049  41812
24 200052  51665
25 200054  23279
26 200056  16902
27 200057   8598
28 200061   1438
29 200062  33633
30 200064   8558
31 200065  37732
32 200066  47171
33 200070   4802
34 200072  16166
35 200073  19259
36 200075   6706
37 200076   3454
38 200081   6876
39 200083  65137
40 200084   3603
41 200085   7441
42 200087  71055
43 200088  30555
44 200092  69380
45 200093  40541
46 200094  48721
47 200096 107372
48 200098  16678
49 200099  11036
50 200104    627
51 200105    630
52 200107   1519
53 200110   1012
54 200111   1043
55 200112   8894
56 200114    629
57 200117   2336
58 200118   2355
59 200119    749
60 200120    961
61 200127    816
62 200130   1921
63 200131   4208
64 200132   1289
65 200133    987
66 200136    642
67 200137   2155
68 200139   4920
69 200140   5122
70 200143    641
71 200144    921
72 200145    893
73 200148    700
74 200151   3264
75 200152   1316
76 200153   3989
77 200155   1640
78 200156    710
79 200161   4163
80 200162   5420
81 200164    652
82 200165   1287
83 200167   3225
84 200169    657
85 200170    688
86 200172    700
87 200175    896
88 200176   2644
89 200177   1469
[1] "Else"            "Florida Related"
[1] 22365
[1] "Number of clusters for DV 3: 155"
        x  freq
1  300009 19596
2  300011 31988
3  300012 13120
4  300013 26884
5  300017 30644
6  300018 46651
7  300019 24761
8  300021 28404
9  300023 14607
10 300024 53693
11 300027  1959
12 300029  4376
13 300030  3759
14 300031   925
15 300037  3535
16 300038  5199
17 300041 21472
18 300042 15216
19 300044  6437
20 300045 35699
21 300047 13059
22 300048 23626
23 300051 36427
24 300052 13548
25 300054 56221
26 300057 36088
27 300058 24188
28 300059 35575
29 300061   969
30 300064  1409
31 300065  2678
32 300066  2638
33 300071 34205
34 300073 17286
35 300076  1321
36 300077 20935
37 300078 27921
38 300079 41096
39 300082  2307
40 300084  3687
41 300085  8651
42 300088 16295
43 300089 20628
44 300091 24380
45 300093  1233
46 300094 53490
47 300098 13506
48 300099 16239
49 300101  8440
50 300102  5338
51 300106  7808
52 300107  6098
53 300108  5564
54 300109  9523
55 300113  1290
56 300114  1513
57 300116  3588
58 300118  1752
59 300119   639
60 300122   646
61 300123   708
62 300124  3756
63 300131   822
64 300133  1807
65 300134  2844
66 300136  1051
67 300137   682
68 300139  3758
69 300140  8070
70 300142  1047
71 300143   793
72 300145   703
73 300146   668
74 300150   754
75 300151  1074
76 300153  1130
77 300154  2511
78 300155   617
[1] "Else"             "Illinois Related"
[1] 24097
[1] "Number of clusters for DV 4: 135"
        x   freq
1  400007  11497
2  400009  47295
3  400011  61666
4  400012   1627
5  400014  90035
6  400017 162852
7  400018   6138
8  400019  91665
9  400022  43974
10 400024  34215
11 400027    932
12 400028   8442
13 400030  45367
14 400031  96812
15 400033   1180
16 400034  13433
17 400038  14008
18 400039   5125
19 400041  28292
20 400042   3701
21 400045   6434
22 400047   6769
23 400049  29101
24 400051  51722
25 400052  21448
26 400055   2448
27 400056   4419
28 400060   4561
29 400061   4247
30 400062   9723
31 400063  34890
32 400067   7869
33 400069   1975
34 400070    949
35 400071    647
36 400073    825
37 400074   7794
38 400080    680
39 400082   1540
40 400083    711
41 400085   1027
42 400086   1216
43 400091   1856
44 400092    833
45 400094    688
46 400095   3147
47 400097    688
48 400099   1769
49 400100    693
50 400101   1584
51 400105    978
52 400106   2728
53 400108   4404
54 400109   5975
55 400113   1314
56 400114    980
57 400115   1146
58 400117   2459
59 400118   2556
60 400123    905
61 400124   3629
62 400125    763
63 400127    731
64 400128   1639
65 400130    681
66 400133    928
67 400134    700
68 400135  10500
[1] "Else"            "NewYork Related"
[1] 30381
[1] "Number of clusters for DV 5: 225"
         x   freq
1   500010    717
2   500011  30871
3   500012  17978
4   500014  15425
5   500017    588
6   500018  11356
7   500019  17647
8   500022    636
9   500024   2613
10  500025  14451
11  500026  19091
12  500030  21107
13  500031   9217
14  500032   8554
15  500034    721
16  500035   1617
17  500039   4469
18  500040   3924
19  500043   4389
20  500044   1596
21  500045   7164
22  500048   8387
23  500049   4773
24  500050   4632
25  500056   3629
26  500057  87565
27  500060   6622
28  500061  19005
29  500062    673
30  500064   3681
31  500068 112111
32  500069   2293
33  500070  86984
34  500072  29495
35  500073  21572
36  500078   4942
37  500079  18096
38  500081    619
39  500082  16044
40  500084  13587
41  500087  57365
42  500089   3116
43  500091   1112
44  500092   1439
45  500093  47717
46  500097    723
47  500098   4288
48  500099   3896
49  500101  14113
50  500102  10206
51  500106  24199
52  500107   1101
53  500110   6003
54  500111  11090
55  500113   9287
56  500115  15242
57  500116   8131
58  500119  14350
59  500120  20111
60  500121   7819
61  500125   4918
62  500127   5213
63  500129   1032
64  500130   3292
65  500132    821
66  500133   1151
67  500135   3800
68  500137   6136
69  500138    973
70  500145   2528
71  500148   1854
72  500150   1621
73  500151   1020
74  500152   2005
75  500154    815
76  500155   1019
77  500158   1405
78  500159    728
79  500162   2074
80  500163   2415
81  500164   1136
82  500169   1597
83  500170    666
84  500173    627
85  500174   1865
86  500175    863
87  500177    721
88  500178    701
89  500180   1483
90  500181    723
91  500186   2107
92  500188    703
93  500189   5919
94  500190    824
95  500192    970
96  500195  14237
97  500196   1491
98  500197    652
99  500199   2115
100 500201   5450
101 500202    902
102 500205    615
103 500207    648
104 500208   1091
105 500211    779
106 500212    633
107 500216   4518
108 500217   2277
109 500219   6531
110 500221   3963
111 500222   2300
112 500224   3996
113 500225   5453
[1] "Else"               "NewEngland Related"
[1] 30751
[1] "Number of clusters for DV 6: 171"
        x   freq
1  600005   1247
2  600011    925
3  600013   1912
4  600014   2102
5  600017    717
6  600018    686
7  600019    801
8  600022   1261
9  600023    653
10 600024    696
11 600026    623
12 600027    911
13 600029   1737
14 600033   2709
15 600034    704
16 600035   1313
17 600036    703
18 600040    960
19 600041    777
20 600043   2059
21 600044   3872
22 600048   1327
23 600049   3192
24 600050   7231
25 600052   3146
26 600053    845
27 600055   1135
28 600060   2602
29 600061   1851
30 600063   2740
31 600066   3099
32 600067   1103
33 600068   3147
34 600069   1159
35 600071   2663
36 600074    879
37 600075   2606
38 600077    977
39 600078    622
40 600085   2510
41 600086   8283
42 600088  17698
43 600090  91021
44 600091   7013
45 600094 115049
46 600097  33128
47 600098  31684
48 600100  24378
49 600101 114520
50 600102  56614
51 600105  19630
52 600108  56895
53 600110   2764
54 600111  10523
55 600112  17523
56 600114  11927
57 600117   8194
58 600119   6854
59 600120   9081
60 600122  80803
61 600123  21060
62 600127   4302
63 600129  26848
64 600130  13709
65 600133   3996
66 600134  14170
67 600137  15738
68 600138  14605
69 600140  11977
70 600141  14224
71 600144   5925
72 600146  18416
73 600147  18756
74 600150   1672
75 600151   3301
76 600154   2576
77 600155   9075
78 600156   8839
79 600160    931
80 600161   4191
81 600163   3010
82 600165   1528
83 600166   3097
84 600169   1544
85 600170   3472
86 600171   2779
[1] "Else"          "NJ/PA Related"
[1] 38133
[1] "Number of clusters for DV 7: 169"
        x   freq
1  700006  19478
2  700007  17007
3  700012   6529
4  700013   3129
5  700016   2367
6  700017   3365
7  700018   8076
8  700021   6805
9  700022   7980
10 700023  11289
11 700024   3278
12 700029   5654
13 700030  23051
14 700034   4543
15 700035  26958
16 700036  40324
17 700039    963
18 700040  34905
19 700041   4553
20 700043   7770
21 700044   1044
22 700050  42528
23 700051  52622
24 700052 128377
25 700054  47987
26 700055 146221
27 700057  12546
28 700058  16343
29 700062  14121
30 700064   3969
31 700065  59349
32 700067  46982
33 700068  68509
34 700069  15587
35 700072   2302
36 700074   1348
37 700075   3087
38 700079    716
39 700080    881
40 700082   8630
41 700085   6914
42 700086   3353
43 700087   1477
44 700088    724
45 700095    798
46 700097    671
47 700099   6870
48 700100   2278
49 700102    626
50 700104   4256
51 700105    730
52 700107   2727
53 700108    612
54 700112   1634
55 700113   1557
56 700115    690
57 700116    934
58 700118   1076
59 700120   1734
60 700121   1096
61 700124    774
62 700126   9171
63 700127    684
64 700129    667
65 700132   4475
66 700133   3115
67 700135  14639
68 700136    809
69 700140   3118
70 700142    799
71 700144    912
72 700145   6821
73 700147    986
74 700148   1201
75 700151    618
76 700153   1133
77 700154   2661
78 700158   1954
79 700159    691
80 700161   2505
81 700162    673
82 700165   1807
83 700166   2776
84 700168   4626
85 700169   3980
[1] "DMV Related" "Else"       
[1] 36322
[1] "Number of clusters for DV 8: 183"
        x  freq
1  800011 39206
2  800012  4509
3  800014  8046
4  800015 25804
5  800017 24146
6  800018  2547
7  800023  5673
8  800024 17343
9  800025  7466
10 800028  6414
11 800029 65394
12 800031 33830
13 800033 11686
14 800034 82597
15 800036 18108
16 800038 39077
17 800039 22113
18 800041  2223
19 800043  5959
20 800045  1851
21 800046  2364
22 800049  1123
23 800050  1128
24 800051  2935
25 800054 20672
26 800057 21854
27 800058  3846
28 800059  2949
29 800061 14147
30 800064 50985
31 800065   745
32 800067 11228
33 800068 67971
34 800074  4016
35 800075  8892
36 800076   638
37 800079  1576
38 800081 22145
39 800082  3446
40 800086 33077
41 800088 13427
42 800089 41439
43 800090 57304
44 800091  2698
45 800093  1914
46 800094   837
47 800097 27997
48 800099  3878
49 800100  7303
50 800103 10683
51 800105  2464
52 800106 39611
53 800109  4668
54 800110 19074
55 800111  8444
56 800116  8352
57 800117  4894
58 800118  3558
59 800120  1427
60 800122  2894
61 800123  1768
62 800124   710
63 800128  1199
64 800134  1629
65 800137   696
66 800138  3503
67 800139  1581
68 800140   703
69 800141  1370
70 800143  1563
71 800146  2345
72 800147   813
73 800148   893
74 800151  3897
75 800152  5019
76 800154  3666
77 800156  3748
78 800158  5556
79 800159   631
80 800162  1183
81 800163  1529
82 800164   869
83 800167   626
84 800169   983
85 800170   710
86 800176   756
87 800177  1244
88 800178  2268
89 800179  4829
90 800181  1585
91 800182  2224
92 800183   834
[1] "Else"             "NC/SC/GA Related"
[1] 38288
[1] "Number of clusters for DV 9: 189"
        x  freq
1  900007  2887
2  900008  2585
3  900009 26736
4  900012 15368
5  900015  9209
6  900016 10659
7  900017 10712
8  900019   755
9  900020  3971
10 900028  8922
11 900030  1518
12 900033 32841
13 900035 12881
14 900036  1239
15 900038 16428
16 900040 14949
17 900041 52476
18 900042  1910
19 900044  6731
20 900046 17921
21 900047 26331
22 900051 18492
23 900053 20428
24 900056  2010
25 900057   613
26 900058  5422
27 900060  8739
28 900061 55848
29 900063 29766
30 900065 17392
31 900067 90195
32 900068 45391
33 900072 14527
34 900073 19532
35 900075  1460
36 900076 15300
37 900077  1159
38 900080  2850
39 900081  1286
40 900083  3700
41 900084  8155
42 900091 49395
43 900092 17098
44 900093  2580
45 900095 38215
46 900097 14415
47 900098  1774
48 900100 33900
49 900102 36036
50 900103  1266
51 900106  9406
52 900108  4143
53 900110  3937
54 900111  5856
55 900113 31469
56 900114 15254
57 900117  4695
58 900118 28834
59 900119 14285
60 900122   668
61 900123  1253
62 900126  3905
63 900127  1689
64 900130  7054
65 900131   661
66 900132  4327
67 900137   648
68 900138   657
69 900140  2048
70 900141  1385
71 900144   639
72 900146  1275
73 900147  1458
74 900153  4017
75 900155  1138
76 900156   828
77 900157   894
78 900159  4950
79 900161  3158
80 900162  2362
81 900164  2543
82 900166  1838
83 900167  3103
84 900168   827
85 900172  1055
86 900174   761
87 900175  1317
88 900176   785
89 900178   887
90 900181  2022
91 900182  6363
92 900184  1353
93 900186  2541
94 900188   619
95 900189   645
[1] "Else"              "ESCentral Related"
[1] 25085
[1] "Number of clusters for DV 10: 119"
         x   freq
1  1000005   1110
2  1000007   2066
3  1000008   1785
4  1000012    640
5  1000013    750
6  1000018   1863
7  1000019   1819
8  1000020   1606
9  1000022   1787
10 1000023    940
11 1000024   1069
12 1000029   1382
13 1000030   3301
14 1000032   2474
15 1000033   3144
16 1000034   3982
17 1000035   1176
18 1000039   1449
19 1000040   2072
20 1000041    702
21 1000043   1267
22 1000046   1224
23 1000048   1690
24 1000049   1002
25 1000051   2199
26 1000053   5528
27 1000054   3135
28 1000062  26175
29 1000063  15061
30 1000064 144110
31 1000066 192860
32 1000067  58145
33 1000070   5548
34 1000071   2168
35 1000072  39364
36 1000077   5648
37 1000078   4067
38 1000080   1948
39 1000081  71274
40 1000082  15096
41 1000085  10540
42 1000086 128166
43 1000088   3953
44 1000089   8351
45 1000094  37474
46 1000095  14764
47 1000096  69795
48 1000099   2492
49 1000100   2711
50 1000102   9438
51 1000103  12726
52 1000106  23833
53 1000107  35952
54 1000109   4086
55 1000110   8561
56 1000112   2202
57 1000116   4794
58 1000117   3796
59 1000118   2256
60 1000119   5009
[1] "Else"                "OH/IN/MI/WI Related"
[1] 53185
[1] "Number of clusters for DV 11: 225"
          x  freq
1   1100010 58817
2   1100012 31676
3   1100013  6793
4   1100014   969
5   1100016 22504
6   1100018 13506
7   1100019 15553
8   1100021 86737
9   1100023 45081
10  1100024 50119
11  1100028  8154
12  1100029 35599
13  1100030 56148
14  1100031 29888
15  1100036  2518
16  1100037 59780
17  1100040  7666
18  1100042  3831
19  1100043 20065
20  1100044 45186
21  1100045  4057
22  1100048 10806
23  1100049 15543
24  1100052 27694
25  1100053 37179
26  1100054  2726
27  1100058 24350
28  1100060  3829
29  1100061  7652
30  1100065  2452
31  1100066  3054
32  1100067  2759
33  1100068 10047
34  1100073 11853
35  1100074 18071
36  1100075  8132
37  1100078  2555
38  1100079  8795
39  1100080  4585
40  1100083 10813
41  1100084  9702
42  1100086  4260
43  1100087  6195
44  1100093  4317
45  1100094  9699
46  1100095   780
47  1100097   912
48  1100098  4064
49  1100101  3343
50  1100102  6223
51  1100103   637
52  1100106   644
53  1100107  6769
54  1100109  1078
55  1100110  2150
56  1100116   971
57  1100121   682
58  1100124  1247
59  1100125  1665
60  1100127  1679
61  1100128  5948
62  1100130  1736
63  1100131  1109
64  1100133  1336
65  1100136   689
66  1100137  2176
67  1100138   718
68  1100140   694
69  1100141   710
70  1100143   809
71  1100144  1848
72  1100147   635
73  1100150  2580
74  1100151   725
75  1100154  3842
76  1100155  1297
77  1100156   967
78  1100158  1007
79  1100159   668
80  1100162  1383
81  1100165  1134
82  1100166  9933
83  1100167  7316
84  1100171   707
85  1100172   652
86  1100175   804
87  1100176  4154
88  1100178  8475
89  1100179  9497
90  1100180  1158
91  1100184   680
92  1100186  3189
93  1100188  1090
94  1100190   781
95  1100192  2405
96  1100193  3072
97  1100197   664
98  1100198   669
99  1100199  2307
100 1100201  1720
101 1100204  5641
102 1100205 14296
103 1100208   797
104 1100209  2006
105 1100210  7914
106 1100213   615
107 1100215  2261
108 1100216  4680
109 1100219  1644
110 1100220  1200
111 1100222  2487
112 1100224  3511
113 1100225   630
[1] "Else"              "WNCentral Related"
[1] 34506
[1] "Number of clusters for DV 12: 191"
         x   freq
1  1200008    694
2  1200011   1729
3  1200013    741
4  1200014   1346
5  1200016   2277
6  1200018   1840
7  1200019    787
8  1200022    628
9  1200023    720
10 1200025   1081
11 1200026    615
12 1200028    818
13 1200029    791
14 1200033    648
15 1200034   2332
16 1200036   1259
17 1200038    898
18 1200039    702
19 1200040   1031
20 1200044    764
21 1200045    757
22 1200048   2685
23 1200049   6031
24 1200051   2648
25 1200052   3358
26 1200056   1635
27 1200057   2819
28 1200058   1927
29 1200062   1001
30 1200063   4102
31 1200064   1501
32 1200065    635
33 1200068    709
34 1200071   1319
35 1200073   1767
36 1200074   5042
37 1200076   1124
38 1200077   2354
39 1200080   1215
40 1200081   1260
41 1200085    938
42 1200086   2133
43 1200088    687
44 1200090   1564
45 1200091    655
46 1200095   2525
47 1200096   1371
48 1200098   3479
49 1200100   7401
50 1200101   2078
51 1200103    616
52 1200105    618
53 1200106    642
54 1200113   4927
55 1200115  57830
56 1200116  28329
57 1200120  13011
58 1200121  21330
59 1200122  12503
60 1200125   2524
61 1200126   7654
62 1200127  62814
63 1200129  17617
64 1200131 209651
65 1200132  29808
66 1200136   7361
67 1200138  12644
68 1200139  18909
69 1200140  15876
70 1200143  19955
71 1200144  29937
72 1200147  47867
73 1200148   8031
74 1200149  81318
75 1200153   2539
76 1200155  21232
77 1200156  11280
78 1200159   3605
79 1200160    752
80 1200161  41162
81 1200165  42742
82 1200166  23099
83 1200167   9387
84 1200169  19433
85 1200171  18759
86 1200172   1736
87 1200176    760
88 1200179   1836
89 1200180   3917
90 1200182   8276
91 1200183   2488
92 1200185    638
93 1200186    759
94 1200189    873
95 1200190   1899
96 1200191   6160
[1] "Else"             "OK/AR/LA Related"
[1] 12281
[1] "Number of clusters for DV 13: 103"
         x   freq
1  1300006    671
2  1300008  19717
3  1300010   1803
4  1300011   2438
5  1300013  24637
6  1300014   6214
7  1300017   9555
8  1300019  10849
9  1300020  21611
10 1300025  87305
11 1300026  33418
12 1300030  34870
13 1300031   2913
14 1300032  18441
15 1300033 120344
16 1300036  22623
17 1300037  26705
18 1300038  22782
19 1300042 226043
20 1300043  53040
21 1300044  51996
22 1300046 145450
23 1300047  34625
24 1300050    867
25 1300052   9883
26 1300053    753
27 1300054   1221
28 1300059    862
29 1300061    660
30 1300062   1121
31 1300065   1389
32 1300066   1167
33 1300068   1369
34 1300070   1107
35 1300071   2083
36 1300075    656
37 1300078   1044
38 1300079   1319
39 1300080   1058
40 1300083    668
41 1300084   1321
42 1300086   3521
43 1300087    697
44 1300088   1064
45 1300091    682
46 1300093    622
47 1300094    925
48 1300099   1887
49 1300100   2457
50 1300101   2016
51 1300102   2219
52 1300103    837
[1] "Else"             "Mountain Related"
[1] 37138
[1] "Number of clusters for DV 14: 217"
          x  freq
1   1400006   859
2   1400008  1311
3   1400009  2451
4   1400012  3134
5   1400013  1811
6   1400016  2481
7   1400017  1298
8   1400021  2563
9   1400022  1756
10  1400023   673
11  1400024  4973
12  1400028   671
13  1400029   979
14  1400032  2084
15  1400033   644
16  1400037  2081
17  1400038  3515
18  1400039  1102
19  1400040   722
20  1400041   758
21  1400044   908
22  1400046  2455
23  1400047  1110
24  1400052  4360
25  1400053  3323
26  1400054  1647
27  1400056  2112
28  1400057   758
29  1400059  1313
30  1400060   729
31  1400068  1659
32  1400069  6527
33  1400070 13959
34  1400072 54847
35  1400075  2837
36  1400076  3268
37  1400079 19778
38  1400080 31491
39  1400081  4069
40  1400087 18831
41  1400088  8461
42  1400089  3663
43  1400090   917
44  1400093 31951
45  1400094  5082
46  1400096 34515
47  1400099  9518
48  1400100 10960
49  1400102  9347
50  1400103 24592
51  1400109  4165
52  1400111   894
53  1400112 13299
54  1400113  2230
55  1400114  1575
56  1400116 25338
57  1400120 26285
58  1400121  7919
59  1400122 21878
60  1400124 29119
61  1400126  1183
62  1400128 33062
63  1400129 70015
64  1400131  9443
65  1400132  1139
66  1400138  3896
67  1400139  9813
68  1400141  1680
69  1400142  3227
70  1400144  1931
71  1400145   768
72  1400149 50907
73  1400151  1951
74  1400152  1537
75  1400154 26478
76  1400156 14769
77  1400157 50942
78  1400158  5370
79  1400161 11748
80  1400162  4245
81  1400166 16167
82  1400168  4434
83  1400169  8872
84  1400170  1872
85  1400172 17074
86  1400174 14510
87  1400175 27089
88  1400181  8204
89  1400182  5425
90  1400183 11220
91  1400185 28988
92  1400186   762
93  1400189  2299
94  1400190 19822
95  1400191 11259
96  1400196  5317
97  1400197  9921
98  1400199  1216
99  1400200  2518
100 1400202   659
101 1400203  3412
102 1400204 11973
103 1400208  4240
104 1400210  7236
105 1400212  2319
106 1400213   700
107 1400214   828
108 1400216  2136
109 1400217  5394
[1] "Else"            "Pacific Related"
[1] 22210
[1] "Number of clusters for DV 15: 161"
         x   freq
1  1500007  10002
2  1500009   1292
3  1500010    811
4  1500013  23989
5  1500014  31812
6  1500018  25319
7  1500020  25360
8  1500022  26728
9  1500023  65539
10 1500024   2682
11 1500026  18496
12 1500027  46122
13 1500033   7360
14 1500034  41306
15 1500035    608
16 1500038   4804
17 1500039  35971
18 1500040   4042
19 1500046   9561
20 1500047   3883
21 1500049  20579
22 1500051  23790
23 1500052  52445
24 1500055   6652
25 1500057  10012
26 1500058   7559
27 1500060  30279
28 1500062  16399
29 1500063  54033
30 1500065   1062
31 1500066   2672
32 1500068    794
33 1500069  19515
34 1500072   6056
35 1500074  12854
36 1500075   2389
37 1500079  27693
38 1500080  37703
39 1500081 103059
40 1500082   9506
41 1500087   1280
42 1500088   8273
43 1500090  29331
44 1500092  25275
45 1500093   5672
46 1500095  14858
47 1500096  23620
48 1500099  18837
49 1500101   4148
50 1500103   6697
51 1500104   2883
52 1500106    676
53 1500107   2450
54 1500111    714
55 1500112   2567
56 1500114    693
57 1500116   2588
58 1500117   2018
59 1500119   1695
60 1500121    793
61 1500123   2435
62 1500124    741
63 1500128   1514
64 1500129   1711
65 1500133    738
66 1500135   1668
67 1500136   1419
68 1500141   2651
69 1500142    719
70 1500143   5349
71 1500145   1309
72 1500146    648
73 1500148   2899
74 1500149   2623
75 1500150    731
76 1500152   1222
77 1500155   5696
78 1500156    661
79 1500158   1403
80 1500160    837
81 1500161    745
[1] "California Unrelated" "Else"                
[1] 34418
[1] "Number of clusters for DV 16: 273"
          x  freq
1   1600009   819
2   1600011 20207
3   1600013  2456
4   1600014 38492
5   1600016  4373
6   1600019 18717
7   1600020  6952
8   1600021 24994
9   1600024   651
10  1600025  8197
11  1600026  1771
12  1600029   852
13  1600030  4599
14  1600031  1306
15  1600034  1049
16  1600036  3934
17  1600037   714
18  1600042 32266
19  1600043  9338
20  1600046  4879
21  1600047  8715
22  1600048  1385
23  1600050  5618
24  1600051  1382
25  1600052  5671
26  1600059 19118
27  1600060 39147
28  1600065   649
29  1600066   733
30  1600067  4753
31  1600068 37857
32  1600071   751
33  1600072 71082
34  1600074 33679
35  1600075  2354
36  1600077  6582
37  1600078 11815
38  1600082  1034
39  1600083  3785
40  1600086 39265
41  1600087  3479
42  1600091 17176
43  1600092  7441
44  1600094 30174
45  1600096  9106
46  1600097 13987
47  1600098 17034
48  1600101   683
49  1600103  1089
50  1600104   752
51  1600106  8784
52  1600109 38744
53  1600111   799
54  1600112 31687
55  1600114  1150
56  1600115  5875
57  1600118  1014
58  1600119  1532
59  1600125 12468
60  1600126  8449
61  1600127 10077
62  1600129  8946
63  1600130 22635
64  1600133 16660
65  1600134 16911
66  1600137 11754
67  1600138  7469
68  1600141 41775
69  1600142 10930
70  1600144  9913
71  1600145  6742
72  1600148  4244
73  1600149 11321
74  1600150  1684
75  1600153  2091
76  1600155  3248
77  1600156  1110
78  1600159  5152
79  1600160  6698
80  1600161  3764
81  1600164   616
82  1600165   878
83  1600171   639
84  1600172  6171
85  1600174   766
86  1600175  8407
87  1600176   710
88  1600178  2373
89  1600179   653
90  1600183  2101
91  1600184  3900
92  1600187  1465
93  1600188   907
94  1600189   823
95  1600191   811
96  1600192   734
97  1600200   636
98  1600201  3624
99  1600203  1934
100 1600204  2414
101 1600207  2276
102 1600208  1745
103 1600209   969
104 1600211 10074
105 1600212  3093
106 1600214  1057
107 1600216  3569
108 1600217  8474
109 1600224  2792
110 1600225  1406
111 1600226   704
112 1600227   988
113 1600229  1055
114 1600231  1330
115 1600232   627
116 1600235  1492
117 1600236  4234
118 1600238   849
119 1600239   758
120 1600241  2682
121 1600243   824
122 1600244  4617
123 1600248  1272
124 1600251   806
125 1600252  3807
126 1600254   723
127 1600255   760
128 1600258  1483
129 1600260  1969
130 1600261  6411
131 1600263  1215
132 1600264  2575
133 1600267   687
134 1600268   663
135 1600271  2660
136 1600272  4047
137 1600273  1782
[1] "Else"            "Texas Unrelated"
[1] 24309
[1] "Number of clusters for DV 17: 165"
         x   freq
1  1700007   1925
2  1700008   1132
3  1700010   1275
4  1700011    731
5  1700014   2486
6  1700016   8913
7  1700017   2800
8  1700018  10886
9  1700022   5141
10 1700025    797
11 1700026    831
12 1700027   1850
13 1700030   7438
14 1700031   3170
15 1700033   5091
16 1700035   2479
17 1700036   2110
18 1700040  14467
19 1700043  19135
20 1700045   9521
21 1700046   6136
22 1700047  58809
23 1700051  81687
24 1700052  24383
25 1700053   2723
26 1700057  10037
27 1700059  20307
28 1700060   1806
29 1700062  13738
30 1700063  39796
31 1700066  24090
32 1700067  44191
33 1700068   1845
34 1700071  12363
35 1700075  61396
36 1700076   1139
37 1700078   5110
38 1700079  84150
39 1700080  47991
40 1700082  19232
41 1700085  12159
42 1700086 175220
43 1700088  27182
44 1700089  67167
45 1700091    660
46 1700094   1612
47 1700096   1293
48 1700098   4424
49 1700100   1556
50 1700101   3745
51 1700104    689
52 1700105   6064
53 1700106    712
54 1700114   2517
55 1700116    660
56 1700118   1793
57 1700119   1762
58 1700120   1120
59 1700121    984
60 1700124    710
61 1700126    731
62 1700127    841
63 1700128    887
64 1700130   1022
65 1700131   2710
66 1700136   4178
67 1700137   3192
68 1700138   3121
69 1700140   1248
70 1700141   1028
71 1700144   2839
72 1700145    703
73 1700147    711
74 1700148   3377
75 1700152    675
76 1700154   8388
77 1700156   1729
78 1700157    870
79 1700159   1110
80 1700160   2843
81 1700163    661
82 1700164   1200
83 1700165   4325
[1] "Else"              "Florida Unrelated"
[1] 15154
[1] "Number of clusters for DV 18: 147"
         x   freq
1  1800008   1995
2  1800012  29269
3  1800013  17908
4  1800014  18650
5  1800016   2505
6  1800017  12336
7  1800019   2833
8  1800024  31117
9  1800025  60693
10 1800026  10500
11 1800028   3891
12 1800030   8151
13 1800031  55382
14 1800033  32001
15 1800034   9145
16 1800040  15275
17 1800041   7543
18 1800042  20500
19 1800044   6744
20 1800045  17663
21 1800046   2818
22 1800048   7544
23 1800051   5201
24 1800054   4734
25 1800055  15890
26 1800056  47168
27 1800058  43181
28 1800059   5855
29 1800063   3128
30 1800064   3083
31 1800066   2992
32 1800067   3210
33 1800069   2053
34 1800070   2401
35 1800074  57358
36 1800076  11090
37 1800077  21442
38 1800079  78980
39 1800081  15358
40 1800084   2097
41 1800085 140583
42 1800086  16898
43 1800090  12670
44 1800091  17495
45 1800092  17352
46 1800094  34435
47 1800096   2894
48 1800097  39291
49 1800099    881
50 1800103   3397
51 1800104   1824
52 1800105   3078
53 1800107   3321
54 1800108   1391
55 1800115   1024
56 1800116   1428
57 1800118    960
58 1800119   1215
59 1800121   1055
60 1800122    876
61 1800124    699
62 1800125   1561
63 1800129   3229
64 1800130   4178
65 1800132    875
66 1800134   2645
67 1800135   1056
68 1800137    723
69 1800138    721
70 1800141    694
71 1800143   2213
72 1800144   1115
73 1800146   1010
74 1800147   1054
[1] "Else"               "Illinois Unrelated"
[1] 15380
[1] "Number of clusters for DV 19: 115"
         x   freq
1  1900006   4732
2  1900008 103672
3  1900009  61277
4  1900012   3438
5  1900013   7105
6  1900016 265828
7  1900017  79183
8  1900020 116501
9  1900021  55498
10 1900022  19896
11 1900027    908
12 1900029  11602
13 1900030  12418
14 1900031  14484
15 1900032  11714
16 1900035   1517
17 1900036  21761
18 1900040  35833
19 1900041  71992
20 1900042   4671
21 1900043  39988
22 1900047    654
23 1900048    753
24 1900050   6572
25 1900051   3461
26 1900055    647
27 1900056    635
28 1900057   1649
29 1900060   1695
30 1900061   2381
31 1900062   1612
32 1900070   4480
33 1900072   1471
34 1900073    622
35 1900074    743
36 1900076    779
37 1900078    999
38 1900079    985
39 1900081   1399
40 1900082    652
41 1900085   1729
42 1900086   1249
43 1900087   1324
44 1900091   1138
45 1900092  10640
46 1900093   1498
47 1900096    986
48 1900097   3161
49 1900098   5117
50 1900102    635
51 1900104   2514
52 1900106   6518
53 1900107   3289
54 1900108   1058
55 1900110   1651
56 1900113   1451
57 1900114    665
58 1900115   2695
[1] "Else"              "NewYork Unrelated"
[1] 20658
[1] "Number of clusters for DV 20: 185"
         x   freq
1  2000007   2181
2  2000011  43749
3  2000012  14174
4  2000013   3334
5  2000014  47544
6  2000018    665
7  2000019   1833
8  2000020   3178
9  2000022   5954
10 2000023  12921
11 2000026   1195
12 2000030   1627
13 2000031  28290
14 2000032   1488
15 2000035   9622
16 2000036   1353
17 2000038   5745
18 2000039  12287
19 2000042   2657
20 2000043   5097
21 2000045   4903
22 2000046   2126
23 2000052    874
24 2000053    860
25 2000054 110709
26 2000056 181258
27 2000058  73546
28 2000059  29101
29 2000062   2083
30 2000064  11055
31 2000065  40521
32 2000068    620
33 2000069   6158
34 2000071  66771
35 2000074  15797
36 2000075   7110
37 2000076  24430
38 2000080    646
39 2000081   7695
40 2000084   5651
41 2000085  23021
42 2000086  42008
43 2000089   2485
44 2000090   5406
45 2000091  30421
46 2000094    635
47 2000097    914
48 2000098   4936
49 2000099   4527
50 2000101   9730
51 2000103    643
52 2000104   5951
53 2000112   5337
54 2000113    907
55 2000114   3122
56 2000115   1857
57 2000119   1629
58 2000120   2355
59 2000121    991
60 2000123    855
61 2000124   1567
62 2000129   2615
63 2000130    883
64 2000131   2120
65 2000133    741
66 2000134    681
67 2000136   1385
68 2000137    821
69 2000142   1408
70 2000143   4483
71 2000144   1440
72 2000146   5148
73 2000147   1548
74 2000151   2754
75 2000152   8017
76 2000153   1166
77 2000155   8726
78 2000156    680
79 2000160    712
80 2000162   1215
81 2000164    624
82 2000166   2503
83 2000167   1888
84 2000169   2947
85 2000171   8154
86 2000172   1635
87 2000175   1025
88 2000176    821
89 2000179   2306
90 2000181   1310
91 2000182   5491
92 2000184    732
93 2000185   1441
[1] "Else"                 "NewEngland Unrelated"
[1] 19506
[1] "Number of clusters for DV 21: 149"
         x   freq
1  2100008    763
2  2100011   2448
3  2100012   3798
4  2100014   1229
5  2100015    889
6  2100016   2139
7  2100019    805
8  2100020   1111
9  2100021    981
10 2100023    763
11 2100027   1652
12 2100028    969
13 2100029    951
14 2100030   1202
15 2100033   1297
16 2100034   1424
17 2100037    861
18 2100038    671
19 2100041   4085
20 2100043   3616
21 2100044   3125
22 2100047   1378
23 2100048   4574
24 2100049   2378
25 2100052   1134
26 2100055   2943
27 2100057    725
28 2100058   3333
29 2100059   3685
30 2100064   1063
31 2100065   4669
32 2100066   2238
33 2100068   1999
34 2100069   1025
35 2100071   1114
36 2100072    655
37 2100079  20202
38 2100080  26963
39 2100083  36056
40 2100084  83969
41 2100085  40354
42 2100086  36898
43 2100091   1250
44 2100092  47479
45 2100093  64307
46 2100095  99465
47 2100096 115440
48 2100099   5335
49 2100101  26567
50 2100102  38604
51 2100105   8171
52 2100106  11912
53 2100107  84180
54 2100112   5678
55 2100113  24327
56 2100114   3013
57 2100116  14464
58 2100117  15464
59 2100120  20642
60 2100123  23358
61 2100125   4066
62 2100126  15956
63 2100128   4415
64 2100129   8135
65 2100132   6260
66 2100133  16451
67 2100134  25900
68 2100139    728
69 2100140    611
70 2100141   1157
71 2100143   6607
72 2100144   3654
73 2100147   1654
74 2100148   2678
75 2100149   3463
[1] "Else"            "NJ/PA Unrelated"
[1] 24326
[1] "Number of clusters for DV 22: 171"
         x   freq
1  2200005   4036
2  2200009  19212
3  2200010   7241
4  2200012   9556
5  2200013   1939
6  2200016  12992
7  2200017   1221
8  2200018  33106
9  2200021  10790
10 2200024  26967
11 2200026  48596
12 2200028  58342
13 2200029   9194
14 2200030  12118
15 2200037  95341
16 2200038   7103
17 2200039   2148
18 2200042  13748
19 2200043   9391
20 2200044   2590
21 2200046 160994
22 2200047  10174
23 2200050   9071
24 2200053  25042
25 2200054  13375
26 2200055  53779
27 2200056  37290
28 2200058  90918
29 2200061  34259
30 2200062  60806
31 2200063  12870
32 2200066   3906
33 2200068    667
34 2200069   2164
35 2200071    688
36 2200075   2403
37 2200076   3687
38 2200077   6988
39 2200079   1162
40 2200080   7767
41 2200088   2055
42 2200090    719
43 2200091   1637
44 2200095    605
45 2200096   1082
46 2200097   1363
47 2200100    635
48 2200101    660
49 2200102   2818
50 2200105   2117
51 2200106   1189
52 2200108    683
53 2200109    666
54 2200111   2297
55 2200112   1042
56 2200117   3015
57 2200118    793
58 2200120   1280
59 2200121    771
60 2200122    733
61 2200125    738
62 2200126    679
63 2200127    712
64 2200131   1690
65 2200132   1287
66 2200134  12587
67 2200135   3924
68 2200138    822
69 2200139    966
70 2200141  11664
71 2200142   1394
72 2200147   1181
73 2200150   1670
74 2200151   1652
75 2200152  12485
76 2200153    644
77 2200155   1550
78 2200158   1160
79 2200159   4094
80 2200160    656
81 2200163   1522
82 2200165   1016
83 2200166    948
84 2200168    993
85 2200170   1937
86 2200171   5753
[1] "DMV Unrelated" "Else"         
[1] 23964
[1] "Number of clusters for DV 23: 197"
         x   freq
1  2300008    949
2  2300009   1147
3  2300010   2296
4  2300013   2504
5  2300014   6992
6  2300016   2131
7  2300017   1387
8  2300024  36017
9  2300025  11980
10 2300026  60438
11 2300028  17159
12 2300029   8326
13 2300033  38057
14 2300035  27097
15 2300036  61226
16 2300038  73261
17 2300039 118916
18 2300041   8056
19 2300043  62898
20 2300044  14917
21 2300047   2369
22 2300048   6331
23 2300050   2622
24 2300051   7116
25 2300056   3606
26 2300057   2875
27 2300058  17683
28 2300061  25660
29 2300064   4994
30 2300066  10653
31 2300067  14111
32 2300068   6127
33 2300070   1191
34 2300071    942
35 2300077   7172
36 2300079  25738
37 2300080    775
38 2300083   8995
39 2300084  28152
40 2300085  44888
41 2300087    670
42 2300088    876
43 2300089  31823
44 2300092  19128
45 2300093   1308
46 2300094   2992
47 2300096   1088
48 2300101   1264
49 2300102   8753
50 2300103   4719
51 2300105   6107
52 2300106   4992
53 2300110   8345
54 2300112   1551
55 2300113  16995
56 2300115   1577
57 2300116  14074
58 2300121   6094
59 2300122  19599
60 2300123    978
61 2300124   4703
62 2300125   6080
63 2300127    849
64 2300130   3786
65 2300132   9812
66 2300133   1383
67 2300135   1522
68 2300136   6251
69 2300141   2250
70 2300142    696
71 2300144    957
72 2300145   2690
73 2300152   3342
74 2300153   2649
75 2300154   1344
76 2300155    861
77 2300158   1079
78 2300159    831
79 2300160    625
80 2300163   1440
81 2300164   1031
82 2300165   1189
83 2300168   8657
84 2300170   2435
85 2300171   1590
86 2300175   4577
87 2300176   2514
88 2300177    917
89 2300178    719
90 2300181    626
91 2300182   1693
92 2300186   1999
93 2300188   4989
94 2300190   1414
95 2300191    736
96 2300194    796
97 2300195   1938
98 2300196   1082
99 2300197    786
[1] "Else"               "NC/SC/GA Unrelated"
[1] 25635
[1] "Number of clusters for DV 24: 165"
         x   freq
1  2400007  30386
2  2400008  40381
3  2400010    664
4  2400011   3321
5  2400012   8130
6  2400019   1729
7  2400022  31286
8  2400024  13285
9  2400025  16696
10 2400026  85106
11 2400028  69374
12 2400030  48277
13 2400031  92854
14 2400035   1794
15 2400036   8684
16 2400038   4038
17 2400039  10632
18 2400040  10022
19 2400044   7394
20 2400045  67687
21 2400047  36298
22 2400048   5527
23 2400049  13032
24 2400055  19848
25 2400056  17293
26 2400059  35972
27 2400060   4852
28 2400061   6173
29 2400063  20095
30 2400064   7595
31 2400067 101705
32 2400069  18024
33 2400070   3562
34 2400072  26362
35 2400073   7285
36 2400074  48513
37 2400078   1382
38 2400079   9021
39 2400082    683
40 2400083   6570
41 2400084   2549
42 2400087   1554
43 2400088   3004
44 2400089   3213
45 2400091    877
46 2400094   1273
47 2400097   4843
48 2400098   4887
49 2400099    675
50 2400101   1718
51 2400102   5284
52 2400110   2814
53 2400111    773
54 2400112   1539
55 2400113   1455
56 2400114    736
57 2400118    671
58 2400119   5209
59 2400120    674
60 2400122   3021
61 2400123    628
62 2400128   1389
63 2400131   1293
64 2400132    916
65 2400133    629
66 2400134    704
67 2400136    648
68 2400138   1983
69 2400139   2895
70 2400143   1299
71 2400144   2897
72 2400145    956
73 2400146    639
74 2400149   1006
75 2400152   1659
76 2400153   3975
77 2400154   2016
78 2400158   3631
79 2400159    837
80 2400161    741
81 2400162   1393
82 2400164   1966
83 2400165   1124
[1] "Else"                "ESCentral Unrelated"
[1] 16523
[1] "Number of clusters for DV 25: 127"
         x   freq
1  2500009    659
2  2500010   1067
3  2500011   1387
4  2500012   1045
5  2500013    635
6  2500017    722
7  2500019   2110
8  2500020   1233
9  2500022    622
10 2500023    790
11 2500025   1676
12 2500026    633
13 2500030    803
14 2500031   4504
15 2500033    758
16 2500034   4836
17 2500037   2359
18 2500039    678
19 2500040    837
20 2500042   2915
21 2500043    625
22 2500046    883
23 2500049   1453
24 2500051    796
25 2500052   2784
26 2500053   2129
27 2500057   1213
28 2500058   4597
29 2500060   1068
30 2500061   1182
31 2500063   3004
32 2500064   1159
33 2500071   1152
34 2500073  17333
35 2500074  17509
36 2500077  92694
37 2500078   3073
38 2500081  12621
39 2500082   1188
40 2500083 127539
41 2500085   3422
42 2500086  32065
43 2500089   1551
44 2500090  15549
45 2500093 287816
46 2500095  88362
47 2500096   1754
48 2500097  28846
49 2500102  10517
50 2500103   1909
51 2500104  71702
52 2500105  11244
53 2500108  25189
54 2500109  15039
55 2500111  82162
56 2500112   4070
57 2500116    733
58 2500117    766
59 2500119   1240
60 2500121   6870
61 2500122   1507
62 2500124   1533
63 2500126   4551
64 2500127    857
[1] "Else"                  "OH/IN/MI/WI Unrelated"
[1] 33422
[1] "Number of clusters for DV 26: 187"
         x   freq
1  2600007   1075
2  2600009   9825
3  2600010   7250
4  2600011   5522
5  2600012  30471
6  2600017  18255
7  2600018   5984
8  2600022  95025
9  2600023   6946
10 2600025  13654
11 2600027  76260
12 2600029  37914
13 2600030  18424
14 2600031  34169
15 2600035  17470
16 2600036  46991
17 2600038 132705
18 2600039 113311
19 2600041  62772
20 2600042  18715
21 2600044   7134
22 2600046  20916
23 2600047  56911
24 2600050    717
25 2600051   1072
26 2600056   1869
27 2600057   4516
28 2600059   2486
29 2600061   7350
30 2600062    894
31 2600064   4549
32 2600065   1892
33 2600067  10941
34 2600069   2444
35 2600070   1886
36 2600080   5914
37 2600082   2714
38 2600083   2376
39 2600085   2416
40 2600087    689
41 2600088   1924
42 2600089    706
43 2600091    634
44 2600093   2584
45 2600095   1964
46 2600096    906
47 2600097    617
48 2600100   2144
49 2600101    935
50 2600102    900
51 2600106   1141
52 2600108    760
53 2600109   2153
54 2600110    794
55 2600112    626
56 2600114   1992
57 2600115    849
58 2600119    747
59 2600120   1239
60 2600123   1023
61 2600125   2259
62 2600126   4398
63 2600128  15410
64 2600129   1400
65 2600131    958
66 2600134   7817
67 2600136   1006
68 2600137    669
69 2600139   7589
70 2600140    698
71 2600145    780
72 2600146    861
73 2600149   3166
74 2600150    896
75 2600152   1085
76 2600153   3921
77 2600157   3521
78 2600160   2508
79 2600161   1712
80 2600162   8604
81 2600165   1655
82 2600166   6466
83 2600167    998
84 2600170   1213
85 2600171   3696
86 2600173   2108
87 2600174    620
88 2600177    643
89 2600178   5891
90 2600181   1249
91 2600182   1058
92 2600185   2839
93 2600186   7989
94 2600187    780
[1] "Else"                "WNCentral Unrelated"
[1] 22798
[1] "Number of clusters for DV 27: 145"
         x   freq
1  2700011   1680
2  2700013    656
3  2700014   2390
4  2700015   2579
5  2700017   1397
6  2700018   1056
7  2700020    675
8  2700021   1975
9  2700022    890
10 2700024   1176
11 2700025    728
12 2700030    908
13 2700031   1614
14 2700032    718
15 2700033    711
16 2700035   1153
17 2700036    631
18 2700041    671
19 2700042   1156
20 2700043    706
21 2700046   4798
22 2700047    705
23 2700048   9870
24 2700051   1894
25 2700053    824
26 2700055   3874
27 2700056   1768
28 2700058   2948
29 2700059    649
30 2700062    707
31 2700065   1402
32 2700068   1748
33 2700069   4911
34 2700070    685
35 2700072   1791
36 2700073   1855
37 2700080    849
38 2700081    762
39 2700082   1211
40 2700084  10086
41 2700085   4498
42 2700086    957
43 2700087    661
44 2700090   4029
45 2700091    845
46 2700093   1603
47 2700094    897
48 2700101   1764
49 2700102   1938
50 2700103  17877
51 2700105  31055
52 2700107  39717
53 2700108  49113
54 2700111 100167
55 2700112 146299
56 2700114 166391
57 2700115 155575
58 2700118  25836
59 2700120  10880
60 2700121  24165
61 2700125  18047
62 2700126   5629
63 2700127   7549
64 2700128 103620
65 2700131    624
66 2700132   1319
67 2700136   1389
68 2700138   2207
69 2700139   6891
70 2700141   5413
71 2700142   1117
72 2700144   1880
73 2700145   6766
[1] "Else"               "OK/AR/LA Unrelated"
[1] 8918
[1] "Number of clusters for DV 28: 91"
         x   freq
1  2800007    673
2  2800008  11343
3  2800009  12613
4  2800010  30851
5  2800014   2749
6  2800015   3126
7  2800019   3361
8  2800020   1264
9  2800021  16774
10 2800022  62792
11 2800026 114561
12 2800027  40186
13 2800028  37250
14 2800031  39656
15 2800032 480276
16 2800034  77542
17 2800035  43033
18 2800037    979
19 2800040   1862
20 2800041   5602
21 2800042   4281
22 2800050    659
23 2800051   2040
24 2800052    803
25 2800053   1081
26 2800054   1717
27 2800056    923
28 2800057    959
29 2800062    624
30 2800063   3221
31 2800065    836
32 2800066   2362
33 2800069    717
34 2800070    684
35 2800071   2917
36 2800073    669
37 2800074    894
38 2800077    783
39 2800078    806
40 2800083   1125
41 2800085   1717
42 2800086   1921
43 2800087   1545
44 2800088    676
45 2800090   2288
46 2800091    784
[1] "Else"               "Mountain Unrelated"
[1] 25201
[1] "Number of clusters for DV 29: 177"
         x  freq
1  2900008  1722
2  2900010   973
3  2900012  2388
4  2900013   981
5  2900015   649
6  2900016  1168
7  2900017   668
8  2900022  1674
9  2900023  5598
10 2900024  1535
11 2900026  1229
12 2900028  1501
13 2900029  2580
14 2900030   651
15 2900032   848
16 2900035  2203
17 2900037  1761
18 2900038  3537
19 2900040   942
20 2900042  1296
21 2900044   678
22 2900045   890
23 2900050  2352
24 2900052  2049
25 2900053  1605
26 2900054  3528
27 2900058  1690
28 2900059   831
29 2900060   746
30 2900061  2057
31 2900065   752
32 2900066   656
33 2900067   970
34 2900069   714
35 2900070  1159
36 2900076  2349
37 2900079 52067
38 2900080 11144
39 2900084 49472
40 2900085 13820
41 2900086  7759
42 2900087 16452
43 2900091 18533
44 2900092  2897
45 2900093 10571
46 2900094  7097
47 2900097  1662
48 2900100  2412
49 2900101   718
50 2900102  1643
51 2900107  8434
52 2900108 29337
53 2900110 68433
54 2900112 19448
55 2900114 22856
56 2900115 53128
57 2900116 12691
58 2900120 40352
59 2900122 12765
60 2900124  2511
61 2900126  7349
62 2900127 35429
63 2900128 79857
64 2900133 18129
65 2900134 44951
66 2900135 37070
67 2900137 15194
68 2900139 22579
69 2900141 25362
70 2900142 53112
71 2900143 15513
72 2900147  1471
73 2900148  1921
74 2900152   869
75 2900153 50064
76 2900155  8098
77 2900156 30461
78 2900157  8411
79 2900159  9489
80 2900160 12211
81 2900166  2370
82 2900168   675
83 2900169  5648
84 2900170  1826
85 2900171  2282
86 2900172  1457
87 2900174  6152
88 2900176  1696
89 2900177   747
[1] "Else"              "Pacific Unrelated"
[1] 15399
[1] "Number of clusters for DV 30: 137"
         x   freq
1  3000007   1246
2  3000008   1939
3  3000011   4094
4  3000012  53848
5  3000015   7387
6  3000016  58732
7  3000017 150906
8  3000020   7145
9  3000022  16451
10 3000023  11080
11 3000027  14766
12 3000029  43873
13 3000031  11449
14 3000033   2351
15 3000034  22868
16 3000037  65783
17 3000038  72442
18 3000039   4577
19 3000042  35095
20 3000043  49459
21 3000045  64096
22 3000047  77129
23 3000048  54022
24 3000052    672
25 3000053   2650
26 3000058   7896
27 3000059  13145
28 3000061  13789
29 3000063   1781
30 3000064  30734
31 3000065  12232
32 3000068  17318
33 3000070   7187
34 3000071  12680
35 3000072   6321
36 3000073  17595
37 3000077   1112
38 3000078    732
39 3000079   2148
40 3000082   1685
41 3000083    910
42 3000086   4349
43 3000087    787
44 3000089   1535
45 3000090    986
46 3000097    651
47 3000098   1526
48 3000100   2198
49 3000102   2628
50 3000103    885
51 3000106   1188
52 3000107   1080
53 3000111   1229
54 3000112   1161
55 3000113   4410
56 3000115    853
57 3000116   2636
58 3000118    998
59 3000122   1061
60 3000123   3189
61 3000125    728
62 3000126    705
63 3000127   2511
64 3000129    640
65 3000130    827
66 3000133   1094
67 3000134    688
68 3000136    734
69 3000137    923
              loc1occ     pTree1      pTree2      pTree3      pTree4
1   ESCentral Related 0.01282593 0.011250518 0.009906308 0.002450280
2 ESCentral Unrelated 0.01514819 0.014768566 0.004688233 0.004510087
3 ESCentral Unrelated 0.01302831 0.009575347 0.227258711 0.002450280
4   ESCentral Related 0.01401515 0.023593765 0.038712069 0.002143414
5   ESCentral Related 0.02703718 0.021594524 0.010637135 0.007130596
6   ESCentral Related 0.05279898 0.011250518 0.004688233 0.002450280
       pTree5      pTree6      pTree7      pTree8      pTree9    pTree10
1 0.003117760 0.003515860 0.002395455 0.010277492 0.035169492 0.62371134
2 0.003811841 0.001231744 0.003769367 0.021748223 0.014597376 0.39325843
3 0.001992370 0.003515860 0.002395455 0.015896715 0.043674839 0.01127504
4 0.001818973 0.003106029 0.005463313 0.012661731 0.034903714 0.19785139
5 0.007635438 0.005548079 0.003769367 0.021748223 0.023788016 0.51111111
6 0.001206238 0.001882488 0.002395455 0.007499125 0.004906004 0.55899772
      pTree11     pTree12     pTree13    pTree14     pTree15     pTree16
1 0.005633725 0.003438966 0.003289165 0.02061147 0.005940691 0.009821742
2 0.005315217 0.005562650 0.007111748 0.01740295 0.009701109 0.031158064
3 0.003492304 0.157504816 0.003289165 0.01493310 0.005454199 0.011586479
4 0.006238556 0.126517572 0.003755692 0.01787076 0.005513503 0.006357677
5 0.005315217 0.009516257 0.007111748 0.02036641 0.006802721 0.014725480
6 0.001966363 0.001549868 0.001322052 0.01034184 0.008153433 0.022999252
      pTree17     pTree18     pTree19      pTree20     pTree21     pTree22
1 0.006068837 0.005462585 0.002174893 0.0027345560 0.001283946 0.001688296
2 0.015732818 0.010035377 0.006532212 0.0306976744 0.003845780 0.001461276
3 0.007357996 0.308362369 0.002174893 0.0026625666 0.003554830 0.003417185
4 0.015732818 0.011778407 0.002174893 0.0009451013 0.001283946 0.003449497
5 0.010802785 0.008417984 0.003980220 0.0037845936 0.003845780 0.009786989
6 0.008628870 0.002677575 0.001406714 0.0009451013 0.002259264 0.001688296
      pTree23     pTree24     pTree25      pTree26     pTree27     pTree28
1 0.009442313 0.011519625 0.321379688 0.0030922975 0.002170296 0.003621789
2 0.021444467 0.027883881 0.548000000 0.0086504279 0.005319819 0.005654254
3 0.010562286 0.029134903 0.006884943 0.0030922975 0.104713926 0.003621789
4 0.009031842 0.019280206 0.149406241 0.0062242023 0.075471698 0.004113419
5 0.012124407 0.027883881 0.185450820 0.0086504279 0.004749110 0.005654254
6 0.005636776 0.004671571 0.321379688 0.0009333333 0.002913875 0.003621789
      pTree29     pTree30
1 0.007648533 0.002909627
2 0.019382193 0.012135600
3 0.013931069 0.005298035
4 0.011259179 0.003493450
5 0.015256869 0.008446712
6 0.012794012 0.003531707
[1] 1023525     282
[1] 1023525      30
[1] "printing levels of predloc1oc"
 [1] "1"  "2"  "3"  "4"  "5"  "6"  "7"  "8"  "9"  "10" "11" "12" "13" "14" "15"
[16] "16" "17" "18" "19" "20" "21" "22" "23" "24" "25" "26" "27" "28" "29" "30"
[1] "factor"
[1] "factor"
                 loc1occ  freq
1     California Related 50647
2          Texas Related 37457
3        Florida Related 22365
4       Illinois Related 24097
5        NewYork Related 30381
6     NewEngland Related 30751
7          NJ/PA Related 38133
8            DMV Related 36322
9       NC/SC/GA Related 38288
10     ESCentral Related 25085
11   OH/IN/MI/WI Related 53185
12     WNCentral Related 34506
13      OK/AR/LA Related 12281
14      Mountain Related 37138
15       Pacific Related 22210
16  California Unrelated 34418
17       Texas Unrelated 24309
18     Florida Unrelated 15154
19    Illinois Unrelated 15380
20     NewYork Unrelated 20658
21  NewEngland Unrelated 19506
22       NJ/PA Unrelated 24326
23         DMV Unrelated 23964
24    NC/SC/GA Unrelated 25635
25   ESCentral Unrelated 16523
26 OH/IN/MI/WI Unrelated 33422
27   WNCentral Unrelated 22798
28    OK/AR/LA Unrelated  8918
29    Mountain Unrelated 25201
30     Pacific Unrelated 15399
             predloc1occ  freq
1     California Related 70415
2          Texas Related 52018
3        Florida Related 21755
4       Illinois Related 37331
5        NewYork Related 45162
6     NewEngland Related 47416
7          NJ/PA Related 62968
8            DMV Related 45584
9       NC/SC/GA Related 45203
10     ESCentral Related 37170
11   OH/IN/MI/WI Related 87806
12     WNCentral Related 55032
13      OK/AR/LA Related 16472
14      Mountain Related 41978
15       Pacific Related 25651
16  California Unrelated 14838
17       Texas Unrelated  7521
18     Florida Unrelated  4192
19    Illinois Unrelated  4957
20     NewYork Unrelated 10589
21  NewEngland Unrelated  9296
22       NJ/PA Unrelated  8840
23         DMV Unrelated  8043
24    NC/SC/GA Unrelated  8690
25   ESCentral Unrelated  6884
26 OH/IN/MI/WI Unrelated 14629
27   WNCentral Unrelated  8912
28    OK/AR/LA Unrelated  4249
29    Mountain Unrelated  8325
30     Pacific Unrelated  6531

   California Related         Texas Related       Florida Related 
                50647                 37457                 22365 
     Illinois Related       NewYork Related    NewEngland Related 
                24097                 30381                 30751 
        NJ/PA Related           DMV Related      NC/SC/GA Related 
                38133                 36322                 38288 
    ESCentral Related   OH/IN/MI/WI Related     WNCentral Related 
                25085                 53185                 34506 
     OK/AR/LA Related      Mountain Related       Pacific Related 
                12281                 37138                 22210 
 California Unrelated       Texas Unrelated     Florida Unrelated 
                34418                 24309                 15154 
   Illinois Unrelated     NewYork Unrelated  NewEngland Unrelated 
                15380                 20658                 19506 
      NJ/PA Unrelated         DMV Unrelated    NC/SC/GA Unrelated 
                24326                 23964                 25635 
  ESCentral Unrelated OH/IN/MI/WI Unrelated   WNCentral Unrelated 
                16523                 33422                 22798 
   OK/AR/LA Unrelated    Mountain Unrelated     Pacific Unrelated 
                 8918                 25201                 15399 

   California Related         Texas Related       Florida Related 
                70415                 52018                 21755 
     Illinois Related       NewYork Related    NewEngland Related 
                37331                 45162                 47416 
        NJ/PA Related           DMV Related      NC/SC/GA Related 
                62968                 45584                 45203 
    ESCentral Related   OH/IN/MI/WI Related     WNCentral Related 
                37170                 87806                 55032 
     OK/AR/LA Related      Mountain Related       Pacific Related 
                16472                 41978                 25651 
 California Unrelated       Texas Unrelated     Florida Unrelated 
                14838                  7521                  4192 
   Illinois Unrelated     NewYork Unrelated  NewEngland Unrelated 
                 4957                 10589                  9296 
      NJ/PA Unrelated         DMV Unrelated    NC/SC/GA Unrelated 
                 8840                  8043                  8690 
  ESCentral Unrelated OH/IN/MI/WI Unrelated   WNCentral Unrelated 
                 6884                 14629                  8912 
   OK/AR/LA Unrelated    Mountain Unrelated     Pacific Unrelated 
                 4249                  8325                  6531 
[1] "Tree accuracy in training set"
 Accuracy     Kappa 
0.3818502 0.3545141 
     [,1] [,2]
[1,]   10   10
[2,]   25   25
[3,]   18   25
[4,]   10   10
[5,]   10   10
[6,]   10   25
          [,1] [,2]
[818452,]   14   14
[818453,]    5   14
[818454,]   29   14
[818455,]   14   29
[818456,]   15   14
[818457,]   29   14
[1] 818457      2
[1] "factor"
[1] "factor"
                 loc1occ  freq
1     California Related 12800
2          Texas Related  9259
3        Florida Related  5523
4       Illinois Related  6002
5        NewYork Related  7527
6     NewEngland Related  7632
7          NJ/PA Related  9720
8            DMV Related  8860
9       NC/SC/GA Related  9622
10     ESCentral Related  6103
11   OH/IN/MI/WI Related 13494
12     WNCentral Related  8481
13      OK/AR/LA Related  3054
14      Mountain Related  9405
15       Pacific Related  5644
16  California Unrelated  8635
17       Texas Unrelated  6198
18     Florida Unrelated  3838
19    Illinois Unrelated  3849
20     NewYork Unrelated  5270
21  NewEngland Unrelated  4891
22       NJ/PA Unrelated  6182
23         DMV Unrelated  6045
24    NC/SC/GA Unrelated  6340
25   ESCentral Unrelated  4300
26 OH/IN/MI/WI Unrelated  8290
27   WNCentral Unrelated  5639
28    OK/AR/LA Unrelated  2207
29    Mountain Unrelated  6334
30     Pacific Unrelated  3924
             predloc1occ  freq
1     California Related 17699
2          Texas Related 13068
3        Florida Related  5340
4       Illinois Related  9364
5        NewYork Related 11238
6     NewEngland Related 11956
7          NJ/PA Related 15954
8            DMV Related 11357
9       NC/SC/GA Related 11198
10     ESCentral Related  9284
11   OH/IN/MI/WI Related 22085
12     WNCentral Related 13682
13      OK/AR/LA Related  4038
14      Mountain Related 10711
15       Pacific Related  6440
16  California Unrelated  3669
17       Texas Unrelated  1874
18     Florida Unrelated  1010
19    Illinois Unrelated  1206
20     NewYork Unrelated  2601
21  NewEngland Unrelated  2345
22       NJ/PA Unrelated  2185
23         DMV Unrelated  1958
24    NC/SC/GA Unrelated  2173
25   ESCentral Unrelated  1851
26 OH/IN/MI/WI Unrelated  3562
27   WNCentral Unrelated  2273
28    OK/AR/LA Unrelated  1091
29    Mountain Unrelated  2227
30     Pacific Unrelated  1629
[1] "Tree accuracy in test set"
 Accuracy     Kappa 
0.3759631 0.3483497 
     [,1] [,2]
[1,]   10   10
[2,]   10   10
[3,]   10   10
[4,]   25   25
[5,]   10   10
[6,]   10   25
          [,1] [,2]
[205063,]   16   29
[205064,]   30   29
[205065,]   27   14
[205066,]    2   14
[205067,]   14   14
[205068,]    2   14
[1] 205068      2
  [1] year                  sample                serial               
  [4] cbserial              hhwt                  cluster              
  [7] region                statefip              met2013              
 [10] strata                gq                    ownershp             
 [13] ownershpd             pernum                perwt                
 [16] sploc                 sprule                nchild               
 [19] nchlt5                eldch                 yngch                
 [22] relate                related               sex                  
 [25] age                   marst                 birthyr              
 [28] race                  raced                 hispan               
 [31] hispand               bpl                   bpld                 
 [34] school                educ                  educd                
 [37] degfield              degfieldd             degfield2            
 [40] degfield2d            empstat               empstatd             
 [43] occ1990               wkswork2              uhrswork             
 [46] incwage               migrate1              migrate1d            
 [49] migplac1              migtype1              movedin              
 [52] qage                  qmarst                qsex                 
 [55] qyrmarr               qbpl                  qhispan              
 [58] qrace                 qeduc                 qdegfield            
 [61] qschool               qempstat              qocc                 
 [64] quhrswor              qwkswork              qincearn             
 [67] qincwage              qmigplc1              qmigrat1             
 [70] qmovedin              highDeg               hgc                  
 [73] racer                 female                major                
 [76] major2                majorAgg              foreignBorn          
 [79] birthState            currState             prevState            
 [82] statemove             statemove1            inBirthSt            
 [85] prevInBirthSt         emp                   unemp                
 [88] nilf                  spempstat             speducd              
 [91] spmajor               spmajorAgg            spincwage            
 [94] spage                 spocc                 spbirthState         
 [97] id                    isSpouse              anySp                
[100] liveWithSpouse        isChild               anyCh                
[103] liveWithChildren      isParent              anyPar               
[106] liveWithParents       isSibling             anySib               
[109] liveWithSiblings      isRelative            anyRel               
[112] liveWithRelatives     liveWithFamily        sphgc                
[115] majorAggAgg           spmajorAggAgg         advdegree            
[118] spadvdegree           educvar               speducvar            
[121] childlt5              child518              childlt18            
[124] childcat              married               divorced             
[127] widowed               single                marital              
[130] spwork                spbornHere            exper                
[133] cpi                   loginc                logincnodef          
[136] birthmig              mover                 stayer               
[139] loc1                  birthloc              spbirthloc           
[142] bornHere1             bornHere2             bornHere3            
[145] bornHere4             bornHere5             bornHere6            
[148] bornHere7             bornHere8             bornHere9            
[151] bornHere10            bornHere11            bornHere12           
[154] bornHere13            bornHere14            bornHere15           
[157] spbornHere1           spbornHere2           spbornHere3          
[160] spbornHere4           spbornHere5           spbornHere6          
[163] spbornHere7           spbornHere8           spbornHere9          
[166] spbornHere10          spbornHere11          spbornHere12         
[169] spbornHere13          spbornHere14          spbornHere15         
[172] bornDiv1              bornDiv2              bornDiv3             
[175] bornDiv4              bornDiv5              bornDiv6             
[178] bornDiv7              bornDiv8              bornDiv9             
[181] bornDiv10             bornDiv11             bornDiv12            
[184] bornDiv13             bornDiv14             bornDiv15            
[187] bornReg1              bornReg2              bornReg3             
[190] bornReg4              bornReg5              bornReg6             
[193] bornReg7              bornReg8              bornReg9             
[196] bornReg10             bornReg11             bornReg12            
[199] bornReg13             bornReg14             bornReg15            
[202] dist                  N_maj_occ             N_maj                
[205] occ_shr               relocc                loc1occ              
[208] meanStay              meanRelOcc            meanAggStay          
[211] meanAggRelOcc         residMeanRelOcc       residMeanStay        
[214] status                d                     stayer1              
[217] pTree1                pTree2                pTree3               
[220] pTree4                pTree5                pTree6               
[223] pTree7                pTree8                pTree9               
[226] pTree10               pTree11               pTree12              
[229] pTree13               pTree14               pTree15              
[232] pTree16               pTree17               pTree18              
[235] pTree19               pTree20               pTree21              
[238] pTree22               pTree23               pTree24              
[241] pTree25               pTree26               pTree27              
[244] pTree28               pTree29               pTree30              
[247] clusterID1            clusterID2            clusterID3           
[250] clusterID4            clusterID5            clusterID6           
[253] clusterID7            clusterID8            clusterID9           
[256] clusterID10           clusterID11           clusterID12          
[259] clusterID13           clusterID14           clusterID15          
[262] clusterID16           clusterID17           clusterID18          
[265] clusterID19           clusterID20           clusterID21          
[268] clusterID22           clusterID23           clusterID24          
[271] clusterID25           clusterID26           clusterID27          
[274] clusterID28           clusterID29           clusterID30          
[277] clusterID             tempSpBornHere        tempBornHere         
[280] tempBornDiv           tempBornReg           denom                
[283] tree.prob.first.best  tree.prob.occ         tree.prob.loc        
[286] tree.prob.second.best tree.prob.third.best  tree.prob.fourth.best
[289] tree.prob.retention  
<0 rows> (or 0-length row.names)
 num [1:1023525, 1] 0.54494 0.43131 0.00667 0.24301 0.50472 ...
 num [1:1023525, 1] 0.113 0.157 0.494 0.364 0.176 ...
 num [1:1023525, 1] 0.2808 0.3095 0.0109 0.1835 0.1831 ...
 num [1:1023525, 1] 0.281 0.31 0.299 0.184 0.183 ...
 num [1:1023525, 1] 0.0307 0.0245 0.2202 0.1554 0.0275 ...
 num [1:1023525, 1] 0.018 0.0242 0.1526 0.0927 0.0267 ...
 num [1:1023525, 1] 0.826 0.741 0.519 0.427 0.688 ...
  Education Level Cells Individuals      Mean Std. Dev. 10th Percentile
1        Business  1801      279971 0.2526696 0.1830835      0.01242911
2       Education  1615       54171 0.3359890 0.2283317      0.01477808
3           Other  1723      215872 0.2129752 0.1630484      0.01243034
4  Social Science  1693      117593 0.2115213 0.1690043      0.01222233
5            STEM  1860      355918 0.2225577 0.1760839      0.01242188
  90th Percentile
1       0.5062629
2       0.6577863
3       0.4294910
4       0.4438586
5       0.4791401
  Education Level Cells Individuals      Mean Std. Dev. 10th Percentile
1        Business   310       96094 0.4258052 0.1092781       0.2600697
2       Education   277       24321 0.5138119 0.1531358       0.2824346
3           Other   270       57967 0.3504874 0.1043501       0.2082278
4  Social Science   270       28348 0.3483153 0.1141350       0.2007705
5            STEM   323      109439 0.4024647 0.1103982       0.2356275
  90th Percentile
1       0.5392038
2       0.6969714
3       0.4704279
4       0.4897213
5       0.5174099
  Education Level Cells Individuals      Mean  Std. Dev. 10th Percentile
1        Business   410       58575 0.2729807 0.08900054       0.1537763
2       Education   392       10238 0.2847413 0.12266259       0.1301490
3           Other   391       50740 0.3123227 0.10549138       0.1619422
4  Social Science   381       28979 0.3238864 0.12631971       0.1522808
5            STEM   407       65172 0.2573029 0.08946011       0.1374033
  90th Percentile
1       0.3786338
2       0.4385473
3       0.4392453
4       0.4812673
5       0.3643667
  Education Level Cells Individuals       Mean Std. Dev. 10th Percentile
1        Business   814       80055 0.12955830 0.1513580     0.008773108
2       Education   673       12305 0.17202462 0.1899029     0.008293079
3           Other   766       58867 0.09987599 0.1201824     0.009239131
4  Social Science   759       30988 0.10163810 0.1215445     0.008878612
5            STEM   851      117588 0.11841135 0.1402988     0.010323815
  90th Percentile
1       0.3535003
2       0.4575928
3       0.2690011
4       0.2760304
5       0.3180157
  Education Level Cells Individuals       Mean  Std. Dev. 10th Percentile
1        Business   762       45247 0.07649595 0.09596147     0.005152356
2       Education   666        7307 0.09203454 0.11372202     0.004676781
3           Other   753       48298 0.08141188 0.10244642     0.006625670
4  Social Science   720       29278 0.08415605 0.10516993     0.006654288
5            STEM   786       63719 0.07021880 0.08773678     0.005738807
  90th Percentile
1       0.2168645
2       0.2498304
3       0.2248898
4       0.2325469
5       0.2026491
> print('Finished with Tree Estimation')
[1] "Finished with Tree Estimation"
> save(df,file="afterT2.rda")
> source('table2logitBin.R')
[1] "Logit accuracy in training set"
 Accuracy     Kappa 
0.3745108 0.3467485 
     [,1] [,2]
[1,]   10   10
[2,]   25   25
[3,]    3   25
[4,]   10   10
[5,]   10   10
[6,]    3   25
          [,1] [,2]
[818452,]   14   14
[818453,]    5   14
[818454,]   14   14
[818455,]   14   29
[818456,]   15   14
[818457,]   29   14
[1] 818457      2
[1] "Logit accuracy in test set"
 Accuracy     Kappa 
0.3720961 0.3441876 
     [,1] [,2]
[1,]   10   10
[2,]   10   10
[3,]   10   10
[4,]   25   25
[5,]   10   10
[6,]   10   25
          [,1] [,2]
[205063,]   29   29
[205064,]   30   29
[205065,]   12   14
[205066,]    2   14
[205067,]   14   14
[205068,]   14   14
[1] 205068      2
[1] "Bin accuracy in training set"
 Accuracy     Kappa 
0.3601025 0.3318640 
     [,1] [,2]
[1,]   10   10
[2,]   25   25
[3,]   10   10
[4,]   10   10
[5,]   11   10
[6,]   10   10
          [,1] [,2]
[818848,]   14   14
[818849,]   14   14
[818850,]    5   14
[818851,]   14   14
[818852,]   14   29
[818853,]   29   14
[1] 818853      2
[1] "Bin accuracy in test set"
 Accuracy     Kappa 
0.3536732 0.3252185 
     [,1] [,2]
[1,]   18   25
[2,]   10   10
[3,]   10   10
[4,]    3   25
[5,]   11   10
[6,]   25   25
          [,1] [,2]
[204667,]    7   14
[204668,]   14   14
[204669,]   14   14
[204670,]   14   29
[204671,]   12   14
[204672,]   14   14
[1] 204672      2
> print('Finished with Logit and Bin Estimation')
[1] "Finished with Logit and Bin Estimation"
> 
> 
> #--------------------------------------------
> # Table 3 and Table 4
> #--------------------------------------------
> source('table3splitBoot.R')
pid 16075's current affinity mask: 1
pid 16075's new affinity mask: ff
pid 16106's current affinity mask: ff
pid 16106's new affinity mask: ff
> print('Finished with Bootstrapped Wage Estimation')
[1] "Finished with Bootstrapped Wage Estimation"
> source('table3and4results.R')
`summarise()` regrouping output by 'loc.occ' (override with `.groups` argument)
[1] "summary stats of bootstrap estimates"
   loc.occ           uncr.name            pctdiff             uncr.b        
 Length:330         Length:330         Min.   :-244.895   Min.   :-0.14558  
 Class :character   Class :character   1st Qu.: -24.723   1st Qu.: 0.02974  
 Mode  :character   Mode  :character   Median :  -5.407   Median : 0.16478  
                                       Mean   : -12.413   Mean   : 0.15623  
                                       3rd Qu.:   0.000   3rd Qu.: 0.24297  
                                       Max.   : 711.947   Max.   : 0.53532  
                                                                            
     corr.b            uncr.se           corr.se           pctd.se         
 Min.   :-0.16266   Min.   :0.00000   Min.   :0.00000   Min.   :    0.000  
 1st Qu.: 0.01371   1st Qu.:0.01590   1st Qu.:0.01856   1st Qu.:    2.554  
 Median : 0.13956   Median :0.02936   Median :0.03075   Median :    5.987  
 Mean   : 0.14558   Mean   :0.03051   Mean   :0.03207   Mean   :  266.683  
 3rd Qu.: 0.22440   3rd Qu.:0.04324   3rd Qu.:0.04536   3rd Qu.:   30.892  
 Max.   : 0.53611   Max.   :0.10255   Max.   :0.10278   Max.   :18192.747  
                                                                           
     nobs1           nobs2            r2_1             r2_2       
 Min.   :11121   Min.   :11121   Min.   :0.2088   Min.   :0.2096  
 1st Qu.:25945   1st Qu.:25945   1st Qu.:0.2579   1st Qu.:0.2593  
 Median :30850   Median :30850   Median :0.2882   Median :0.2938  
 Mean   :34118   Mean   :34118   Mean   :0.2826   Mean   :0.2854  
 3rd Qu.:43065   3rd Qu.:43065   3rd Qu.:0.3147   3rd Qu.:0.3166  
 Max.   :66669   Max.   :66669   Max.   :0.3478   Max.   :0.3521  
                                                                  
     fstat            f.pval      nboot       uncr.coef       
 Min.   : 4.897   Min.   :0   Min.   :500   Min.   :-0.14528  
 1st Qu.: 8.846   1st Qu.:0   1st Qu.:500   1st Qu.: 0.02939  
 Median :16.779   Median :0   Median :500   Median : 0.16468  
 Mean   :18.724   Mean   :0   Mean   :500   Mean   : 0.15637  
 3rd Qu.:24.965   3rd Qu.:0   3rd Qu.:500   3rd Qu.: 0.24347  
 Max.   :45.080   Max.   :0   Max.   :500   Max.   : 0.53705  
                                                              
   corr.coef           uncr.r2          corr.r2         uncr.nobs    
 Min.   :-0.16781   Min.   :0.2081   Min.   :0.2089   Min.   :11125  
 1st Qu.: 0.01607   1st Qu.:0.2572   1st Qu.:0.2583   1st Qu.:25928  
 Median : 0.13926   Median :0.2878   Median :0.2937   Median :30848  
 Mean   : 0.14577   Mean   :0.2821   Mean   :0.2849   Mean   :34118  
 3rd Qu.: 0.22282   3rd Qu.:0.3143   3rd Qu.:0.3161   3rd Qu.:43053  
 Max.   : 0.54041   Max.   :0.3479   Max.   :0.3525   Max.   :66679  
                                                                     
   corr.nobs         corr.f         fcritical          uncr.t       
 Min.   :11125   Min.   : 3.409   Min.   :0.3694   Min.   :-16.134  
 1st Qu.:25928   1st Qu.: 7.244   1st Qu.:0.3694   1st Qu.:  1.791  
 Median :30848   Median :16.939   Median :0.3694   Median :  4.446  
 Mean   :34118   Mean   :18.176   Mean   :0.3694   Mean   :  6.097  
 3rd Qu.:43053   3rd Qu.:24.684   3rd Qu.:0.3694   3rd Qu.:  8.080  
 Max.   :66679   Max.   :47.313   Max.   :0.3694   Max.   : 43.283  
                                                   NA's   :30       
     corr.t           uncr.p             corr.p             loc           
 Min.   :-5.191   Min.   :0.000000   Min.   :0.000000   Length:330        
 1st Qu.: 1.409   1st Qu.:0.000000   1st Qu.:0.000000   Class :character  
 Median : 3.599   Median :0.000000   Median :0.000159   Mode  :character  
 Mean   : 5.986   Mean   :0.056044   Mean   :0.106443                     
 3rd Qu.: 7.254   3rd Qu.:0.008975   3rd Qu.:0.076221                     
 Max.   :37.193   Max.   :0.956303   Max.   :0.979785                     
 NA's   :30       NA's   :30         NA's   :30                           
  uncr.star          corr.star             adv                occ           
 Length:330         Length:330         Length:330         Length:330        
 Class :character   Class :character   Class :character   Class :character  
 Mode  :character   Mode  :character   Mode  :character   Mode  :character  
                                                                            
                                                                            
                                                                            
                                                                            
    major               name             haus.chi2            haus.p         
 Length:330         Length:330         Min.   : 0.00143   Min.   :0.0000000  
 Class :character   Class :character   1st Qu.: 0.89499   1st Qu.:0.0002405  
 Mode  :character   Mode  :character   Median : 3.80448   Median :0.0716212  
                                       Mean   :10.63824   Mean   :0.2813923  
                                       3rd Qu.:14.93554   3rd Qu.:0.5162180  
                                       Max.   :94.41383   Max.   :1.0000000  
                                       NA's   :30                            
Warning messages:
1: ggrepel: 15 unlabeled data points (too many overlaps). Consider increasing max.overlaps 
2: ggrepel: 15 unlabeled data points (too many overlaps). Consider increasing max.overlaps 
> 
> 
> 
> proc.time()
     user    system   elapsed 
 4066.817   648.538 96109.533 
